Archive member included to satisfy reference by file (symbol)

C:/ST/STM32CubeIDE_1.19.0/STM32CubeIDE/plugins/com.st.stm32cube.ide.mcu.externaltools.gnu-tools-for-stm32.13.3.rel1.win32_1.0.0.202411081344/tools/bin/../lib/gcc/arm-none-eabi/13.3.1/../../../../arm-none-eabi/lib/thumb/v7e-m+dp/hard\libc_nano.a(libc_a-exit.o)
                              C:/ST/STM32CubeIDE_1.19.0/STM32CubeIDE/plugins/com.st.stm32cube.ide.mcu.externaltools.gnu-tools-for-stm32.13.3.rel1.win32_1.0.0.202411081344/tools/bin/../lib/gcc/arm-none-eabi/13.3.1/../../../../arm-none-eabi/lib/thumb/v7e-m+dp/hard/crt0.o (exit)
C:/ST/STM32CubeIDE_1.19.0/STM32CubeIDE/plugins/com.st.stm32cube.ide.mcu.externaltools.gnu-tools-for-stm32.13.3.rel1.win32_1.0.0.202411081344/tools/bin/../lib/gcc/arm-none-eabi/13.3.1/../../../../arm-none-eabi/lib/thumb/v7e-m+dp/hard\libc_nano.a(libc_a-nano-vfprintf_float.o)
                              (_printf_float)
C:/ST/STM32CubeIDE_1.19.0/STM32CubeIDE/plugins/com.st.stm32cube.ide.mcu.externaltools.gnu-tools-for-stm32.13.3.rel1.win32_1.0.0.202411081344/tools/bin/../lib/gcc/arm-none-eabi/13.3.1/../../../../arm-none-eabi/lib/thumb/v7e-m+dp/hard\libc_nano.a(libc_a-nano-vfprintf_i.o)
                              C:/ST/STM32CubeIDE_1.19.0/STM32CubeIDE/plugins/com.st.stm32cube.ide.mcu.externaltools.gnu-tools-for-stm32.13.3.rel1.win32_1.0.0.202411081344/tools/bin/../lib/gcc/arm-none-eabi/13.3.1/../../../../arm-none-eabi/lib/thumb/v7e-m+dp/hard\libc_nano.a(libc_a-nano-vfprintf_float.o) (_printf_common)
C:/ST/STM32CubeIDE_1.19.0/STM32CubeIDE/plugins/com.st.stm32cube.ide.mcu.externaltools.gnu-tools-for-stm32.13.3.rel1.win32_1.0.0.202411081344/tools/bin/../lib/gcc/arm-none-eabi/13.3.1/../../../../arm-none-eabi/lib/thumb/v7e-m+dp/hard\libc_nano.a(libc_a-findfp.o)
                              C:/ST/STM32CubeIDE_1.19.0/STM32CubeIDE/plugins/com.st.stm32cube.ide.mcu.externaltools.gnu-tools-for-stm32.13.3.rel1.win32_1.0.0.202411081344/tools/bin/../lib/gcc/arm-none-eabi/13.3.1/../../../../arm-none-eabi/lib/thumb/v7e-m+dp/hard\libc_nano.a(libc_a-exit.o) (__stdio_exit_handler)
C:/ST/STM32CubeIDE_1.19.0/STM32CubeIDE/plugins/com.st.stm32cube.ide.mcu.externaltools.gnu-tools-for-stm32.13.3.rel1.win32_1.0.0.202411081344/tools/bin/../lib/gcc/arm-none-eabi/13.3.1/../../../../arm-none-eabi/lib/thumb/v7e-m+dp/hard\libc_nano.a(libc_a-fwalk.o)
                              C:/ST/STM32CubeIDE_1.19.0/STM32CubeIDE/plugins/com.st.stm32cube.ide.mcu.externaltools.gnu-tools-for-stm32.13.3.rel1.win32_1.0.0.202411081344/tools/bin/../lib/gcc/arm-none-eabi/13.3.1/../../../../arm-none-eabi/lib/thumb/v7e-m+dp/hard\libc_nano.a(libc_a-findfp.o) (_fwalk_sglue)
C:/ST/STM32CubeIDE_1.19.0/STM32CubeIDE/plugins/com.st.stm32cube.ide.mcu.externaltools.gnu-tools-for-stm32.13.3.rel1.win32_1.0.0.202411081344/tools/bin/../lib/gcc/arm-none-eabi/13.3.1/../../../../arm-none-eabi/lib/thumb/v7e-m+dp/hard\libc_nano.a(libc_a-snprintf.o)
                              ./Core/Src/main.o (snprintf)
C:/ST/STM32CubeIDE_1.19.0/STM32CubeIDE/plugins/com.st.stm32cube.ide.mcu.externaltools.gnu-tools-for-stm32.13.3.rel1.win32_1.0.0.202411081344/tools/bin/../lib/gcc/arm-none-eabi/13.3.1/../../../../arm-none-eabi/lib/thumb/v7e-m+dp/hard\libc_nano.a(libc_a-stdio.o)
                              C:/ST/STM32CubeIDE_1.19.0/STM32CubeIDE/plugins/com.st.stm32cube.ide.mcu.externaltools.gnu-tools-for-stm32.13.3.rel1.win32_1.0.0.202411081344/tools/bin/../lib/gcc/arm-none-eabi/13.3.1/../../../../arm-none-eabi/lib/thumb/v7e-m+dp/hard\libc_nano.a(libc_a-findfp.o) (__sread)
C:/ST/STM32CubeIDE_1.19.0/STM32CubeIDE/plugins/com.st.stm32cube.ide.mcu.externaltools.gnu-tools-for-stm32.13.3.rel1.win32_1.0.0.202411081344/tools/bin/../lib/gcc/arm-none-eabi/13.3.1/../../../../arm-none-eabi/lib/thumb/v7e-m+dp/hard\libc_nano.a(libc_a-memset.o)
                              C:/ST/STM32CubeIDE_1.19.0/STM32CubeIDE/plugins/com.st.stm32cube.ide.mcu.externaltools.gnu-tools-for-stm32.13.3.rel1.win32_1.0.0.202411081344/tools/bin/../lib/gcc/arm-none-eabi/13.3.1/../../../../arm-none-eabi/lib/thumb/v7e-m+dp/hard/crt0.o (memset)
C:/ST/STM32CubeIDE_1.19.0/STM32CubeIDE/plugins/com.st.stm32cube.ide.mcu.externaltools.gnu-tools-for-stm32.13.3.rel1.win32_1.0.0.202411081344/tools/bin/../lib/gcc/arm-none-eabi/13.3.1/../../../../arm-none-eabi/lib/thumb/v7e-m+dp/hard\libc_nano.a(libc_a-localeconv.o)
                              C:/ST/STM32CubeIDE_1.19.0/STM32CubeIDE/plugins/com.st.stm32cube.ide.mcu.externaltools.gnu-tools-for-stm32.13.3.rel1.win32_1.0.0.202411081344/tools/bin/../lib/gcc/arm-none-eabi/13.3.1/../../../../arm-none-eabi/lib/thumb/v7e-m+dp/hard\libc_nano.a(libc_a-nano-vfprintf_float.o) (_localeconv_r)
C:/ST/STM32CubeIDE_1.19.0/STM32CubeIDE/plugins/com.st.stm32cube.ide.mcu.externaltools.gnu-tools-for-stm32.13.3.rel1.win32_1.0.0.202411081344/tools/bin/../lib/gcc/arm-none-eabi/13.3.1/../../../../arm-none-eabi/lib/thumb/v7e-m+dp/hard\libc_nano.a(libc_a-closer.o)
[...]
Memory Configuration

Name             Origin             Length             Attributes
RAM              0x20000000         0x00080000         xrw
FLASH            0x08000000         0x001e0000         xr
*default*        0x00000000         0xffffffff

Linker script and memory map

LOAD C:/ST/STM32CubeIDE_1.19.0/STM32CubeIDE/plugins/com.st.stm32cube.ide.mcu.externaltools.gnu-tools-for-stm32.13.3.rel1.win32_1.0.0.202411081344/tools/bin/../lib/gcc/arm-none-eabi/13.3.1/thumb/v7e-m+dp/hard/crti.o
LOAD C:/ST/STM32CubeIDE_1.19.0/STM32CubeIDE/plugins/com.st.stm32cube.ide.mcu.externaltools.gnu-tools-for-stm32.13.3.rel1.win32_1.0.0.202411081344/tools/bin/../lib/gcc/arm-none-eabi/13.3.1/thumb/v7e-m+dp/hard/crtbegin.o
LOAD C:/ST/STM32CubeIDE_1.19.0/STM32CubeIDE/plugins/com.st.stm32cube.ide.mcu.externaltools.gnu-tools-for-stm32.13.3.rel1.win32_1.0.0.202411081344/tools/bin/../lib/gcc/arm-none-eabi/13.3.1/../../../../arm-none-eabi/lib/thumb/v7e-m+dp/hard/crt0.o
LOAD ./Core/Src/adc.o
LOAD ./Core/Src/buzzer.o
LOAD ./Core/Src/dma.o
LOAD ./Core/Src/flash.o
LOAD ./Core/Src/gpio.o
LOAD ./Core/Src/main.o
LOAD ./Core/Src/moodeng.o
LOAD ./Core/Src/pet_sprites.o
LOAD ./Core/Src/rng.o
LOAD ./Core/Src/sound.o
LOAD ./Core/Src/spi.o
LOAD ./Core/Src/sprite_animator.o
LOAD ./Core/Src/stm32f7xx_hal_msp.o
LOAD ./Core/Src/stm32f7xx_it.o
LOAD ./Core/Src/syscalls.o
LOAD ./Core/Src/sysmem.o
LOAD ./Core/Src/system_stm32f7xx.o
LOAD ./Core/Src/tim.o
LOAD ./Core/Src/timer.o
LOAD ./Core/Src/ui_manager.o
LOAD ./Core/Src/usart.o
LOAD ./Core/Startup/startup_stm32f767zitx.o
LOAD ./Drivers/ILI9341/ILI9341_GFX.o
LOAD ./Drivers/ILI9341/ILI9341_STM32_Driver.o
LOAD ./Drivers/ILI9341/ILI9341_Touchscreen.o
LOAD ./Drivers/STM32F7xx_HAL_Driver/Src/stm32f7xx_hal.o
LOAD ./Drivers/STM32F7xx_HAL_Driver/Src/stm32f7xx_hal_adc.o
LOAD ./Drivers/STM32F7xx_HAL_Driver/Src/stm32f7xx_hal_adc_ex.o
LOAD ./Drivers/STM32F7xx_HAL_Driver/Src/stm32f7xx_hal_cortex.o
LOAD ./Drivers/STM32F7xx_HAL_Driver/Src/stm32f7xx_hal_dma.o
LOAD ./Drivers/STM32F7xx_HAL_Driver/Src/stm32f7xx_hal_dma_ex.o
LOAD ./Drivers/STM32F7xx_HAL_Driver/Src/stm32f7xx_hal_exti.o
LOAD ./Drivers/STM32F7xx_HAL_Driver/Src/stm32f7xx_hal_flash.o
LOAD ./Drivers/STM32F7xx_HAL_Driver/Src/stm32f7xx_hal_flash_ex.o
LOAD ./Drivers/STM32F7xx_HAL_Driver/Src/stm32f7xx_hal_gpio.o
LOAD ./Drivers/STM32F7xx_HAL_Driver/Src/stm32f7xx_hal_i2c.o
LOAD ./Drivers/STM32F7xx_HAL_Driver/Src/stm32f7xx_hal_i2c_ex.o
LOAD ./Drivers/STM32F7xx_HAL_Driver/Src/stm32f7xx_hal_pwr.o
LOAD ./Drivers/STM32F7xx_HAL_Driver/Src/stm32f7xx_hal_pwr_ex.o
LOAD ./Drivers/STM32F7xx_HAL_Driver/Src/stm32f7xx_hal_rcc.o
LOAD ./Drivers/STM32F7xx_HAL_Driver/Src/stm32f7xx_hal_rcc_ex.o
LOAD ./Drivers/STM32F7xx_HAL_Driver/Src/stm32f7xx_hal_rng.o
LOAD ./Drivers/STM32F7xx_HAL_Driver/Src/stm32f7xx_hal_spi.o
LOAD ./Drivers/STM32F7xx_HAL_Driver/Src/stm32f7xx_hal_spi_ex.o
LOAD ./Drivers/STM32F7xx_HAL_Driver/Src/stm32f7xx_hal_tim.o
LOAD ./Drivers/STM32F7xx_HAL_Driver/Src/stm32f7xx_hal_tim_ex.o
LOAD ./Drivers/STM32F7xx_HAL_Driver/Src/stm32f7xx_hal_uart.o
LOAD ./Drivers/STM32F7xx_HAL_Driver/Src/stm32f7xx_hal_uart_ex.o
START GROUP
LOAD C:/ST/STM32CubeIDE_1.19.0/STM32CubeIDE/plugins/com.st.stm32cube.ide.mcu.externaltools.gnu-tools-for-stm32.13.3.rel1.win32_1.0.0.202411081344/tools/bin/../lib/gcc/arm-none-eabi/13.3.1/../../../../arm-none-eabi/lib/thumb/v7e-m+dp/hard\libc_nano.a
LOAD C:/ST/STM32CubeIDE_1.19.0/STM32CubeIDE/plugins/com.st.stm32cube.ide.mcu.externaltools.gnu-tools-for-stm32.13.3.rel1.win32_1.0.0.202411081344/tools/bin/../lib/gcc/arm-none-eabi/13.3.1/../../../../arm-none-eabi/lib/thumb/v7e-m+dp/hard\libm.a
END GROUP
START GROUP
LOAD C:/ST/STM32CubeIDE_1.19.0/STM32CubeIDE/plugins/com.st.stm32cube.ide.mcu.externaltools.gnu-tools-for-stm32.13.3.rel1.win32_1.0.0.202411081344/tools/bin/../lib/gcc/arm-none-eabi/13.3.1/thumb/v7e-m+dp/hard\libgcc.a
LOAD C:/ST/STM32CubeIDE_1.19.0/STM32CubeIDE/plugins/com.st.stm32cube.ide.mcu.externaltools.gnu-tools-for-stm32.13.3.rel1.win32_1.0.0.202411081344/tools/bin/../lib/gcc/arm-none-eabi/13.3.1/../../../../arm-none-eabi/lib/thumb/v7e-m+dp/hard\libc_nano.a
END GROUP
START GROUP
LOAD C:/ST/STM32CubeIDE_1.19.0/STM32CubeIDE/plugins/com.st.stm32cube.ide.mcu.externaltools.gnu-tools-for-stm32.13.3.rel1.win32_1.0.0.202411081344/tools/bin/../lib/gcc/arm-none-eabi/13.3.1/thumb/v7e-m+dp/hard\libgcc.a
LOAD C:/ST/STM32CubeIDE_1.19.0/STM32CubeIDE/plugins/com.st.stm32cube.ide.mcu.externaltools.gnu-tools-for-stm32.13.3.rel1.win32_1.0.0.202411081344/tools/bin/../lib/gcc/arm-none-eabi/13.3.1/../../../../arm-none-eabi/lib/thumb/v7e-m+dp/hard\libc_nano.a
LOAD C:/ST/STM32CubeIDE_1.19.0/STM32CubeIDE/plugins/com.st.stm32cube.ide.mcu.externaltools.gnu-tools-for-stm32.13.3.rel1.win32_1.0.0.202411081344/tools/bin/../lib/gcc/arm-none-eabi/13.3.1/../../../../arm-none-eabi/lib/thumb/v7e-m+dp/hard\libnosys.a
END GROUP
START GROUP
LOAD C:/ST/STM32CubeIDE_1.19.0/STM32CubeIDE/plugins/com.st.stm32cube.ide.mcu.externaltools.gnu-tools-for-stm32.13.3.rel1.win32_1.0.0.202411081344/tools/bin/../lib/gcc/arm-none-eabi/13.3.1/thumb/v7e-m+dp/hard\libgcc.a
LOAD C:/ST/STM32CubeIDE_1.19.0/STM32CubeIDE/plugins/com.st.stm32cube.ide.mcu.externaltools.gnu-tools-for-stm32.13.3.rel1.win32_1.0.0.202411081344/tools/bin/../lib/gcc/arm-none-eabi/13.3.1/../../../../arm-none-eabi/lib/thumb/v7e-m+dp/hard\libc_nano.a
LOAD C:/ST/STM32CubeIDE_1.19.0/STM32CubeIDE/plugins/com.st.stm32cube.ide.mcu.externaltools.gnu-tools-for-stm32.13.3.rel1.win32_1.0.0.202411081344/tools/bin/../lib/gcc/arm-none-eabi/13.3.1/../../../../arm-none-eabi/lib/thumb/v7e-m+dp/hard\libnosys.a
END GROUP
LOAD C:/ST/STM32CubeIDE_1.19.0/STM32CubeIDE/plugins/com.st.stm32cube.ide.mcu.externaltools.gnu-tools-for-stm32.13.3.rel1.win32_1.0.0.202411081344/tools/bin/../lib/gcc/arm-none-eabi/13.3.1/thumb/v7e-m+dp/hard/crtend.o
LOAD C:/ST/STM32CubeIDE_1.19.0/STM32CubeIDE/plugins/com.st.stm32cube.ide.mcu.externaltools.gnu-tools-for-stm32.13.3.rel1.win32_1.0.0.202411081344/tools/bin/../lib/gcc/arm-none-eabi/13.3.1/thumb/v7e-m+dp/hard/crtn.o
                0x20080000                        _estack = (ORIGIN (RAM) + LENGTH (RAM))
                0x00000200                        _Min_Heap_Size = 0x200
                0x00000400                        _Min_Stack_Size = 0x400

.isr_vector     0x08000000      0x1f8
                0x08000000                        . = ALIGN (0x4)
 *(.isr_vector)
 .isr_vector    0x08000000      0x1f8 ./Core/Startup/startup_stm32f767zitx.o
                0x08000000                g_pfnVectors
                0x080001f8                        . = ALIGN (0x4)

.text           0x08000200     0xc0bc
                0x08000200                        . = ALIGN (0x4)
 *(.text)
 .text          0x08000200       0x40 C:/ST/STM32CubeIDE_1.19.0/STM32CubeIDE/plugins/com.st.stm32cube.ide.mcu.externaltools.gnu-tools-for-stm32.13.3.rel1.win32_1.0.0.202411081344/tools/bin/../lib/gcc/arm-none-eabi/13.3.1/thumb/v7e-m+dp/hard/crtbegin.o
 .text          0x08000240       0xa0 C:/ST/STM32CubeIDE_1.19.0/STM32CubeIDE/plugins/com.st.stm32cube.ide.mcu.externaltools.gnu-tools-for-stm32.13.3.rel1.win32_1.0.0.202411081344/tools/bin/../lib/gcc/arm-none-eabi/13.3.1/../../../../arm-none-eabi/lib/thumb/v7e-m+dp/hard\libc_nano.a(libc_a-memchr.o)
                0x08000240                memchr
 .text          0x080002e0       0x10 C:/ST/STM32CubeIDE_1.19.0/STM32CubeIDE/plugins/com.st.stm32cube.ide.mcu.externaltools.gnu-tools-for-stm32.13.3.rel1.win32_1.0.0.202411081344/tools/bin/../lib/gcc/arm-none-eabi/13.3.1/../../../../arm-none-eabi/lib/thumb/v7e-m+dp/hard\libc_nano.a(libc_a-strlen.o)
                0x080002e0                strlen
 .text          0x080002f0       0x30 C:/ST/STM32CubeIDE_1.19.0/STM32CubeIDE/plugins/com.st.stm32cube.ide.mcu.externaltools.gnu-tools-for-stm32.13.3.rel1.win32_1.0.0.202411081344/tools/bin/../lib/gcc/arm-none-eabi/13.3.1/thumb/v7e-m+dp/hard\libgcc.a(_aeabi_uldivmod.o)
                0x080002f0                __aeabi_uldivmod
 .text          0x08000320      0x2f8 C:/ST/STM32CubeIDE_1.19.0/STM32CubeIDE/plugins/com.st.stm32cube.ide.mcu.externaltools.gnu-tools-for-stm32.13.3.rel1.win32_1.0.0.202411081344/tools/bin/../lib/gcc/arm-none-eabi/13.3.1/thumb/v7e-m+dp/hard\libgcc.a(_udivmoddi4.o)
                0x08000320                __udivmoddi4
 .text          0x08000618        0x4 C:/ST/STM32CubeIDE_1.19.0/STM32CubeIDE/plugins/com.st.stm32cube.ide.mcu.externaltools.gnu-tools-for-stm32.13.3.rel1.win32_1.0.0.202411081344/tools/bin/../lib/gcc/arm-none-eabi/13.3.1/thumb/v7e-m+dp/hard\libgcc.a(_dvmd_tls.o)
                0x08000618                __aeabi_idiv0
                0x08000618                __aeabi_ldiv0
 *(.text*)
 .text.MX_ADC1_Init
                0x0800061c       0xa4 ./Core/Src/adc.o
                0x0800061c                MX_ADC1_Init
 .text.HAL_ADC_MspInit
                0x080006c0       0xe8 ./Core/Src/adc.o
                0x080006c0                HAL_ADC_MspInit
 .text.calculate_pres
                0x080007a8       0x34 ./Core/Src/buzzer.o
                0x080007a8                calculate_pres
 .text.buzzer_set_freq
                0x080007dc       0x34 ./Core/Src/buzzer.o
                0x080007dc                buzzer_set_freq
 .text.buzzer_play_sound_impl
                0x08000810       0x80 ./Core/Src/buzzer.o
                0x08000810                buzzer_play_sound_impl
 .text.MX_DMA_Init
                0x08000890       0x3c ./Core/Src/dma.o
                0x08000890                MX_DMA_Init
 .text.Flash_Write_NUM
                0x080008cc       0x32 ./Core/Src/flash.o
                0x080008cc                Flash_Write_NUM
 .text.Flash_Read_NUM
                0x080008fe       0x26 ./Core/Src/flash.o
                0x080008fe                Flash_Read_NUM
 .text.Flash_IsDataValid
                0x08000924       0x2e ./Core/Src/flash.o
                0x08000924                Flash_IsDataValid
 *fill*         0x08000952        0x2 
 .text.MX_GPIO_Init
                0x08000954      0x2e0 ./Core/Src/gpio.o
                0x08000954                MX_GPIO_Init
 .text.SCB_EnableICache
                0x08000c34       0x4c ./Core/Src/main.o
 .text.SCB_EnableDCache
                0x08000c80       0x88 ./Core/Src/main.o
 .text.HAL_GPIO_EXTI_Callback
                0x08000d08       0x54 ./Core/Src/main.o
                0x08000d08                HAL_GPIO_EXTI_Callback
 .text.main     0x08000d5c      0x11c ./Core/Src/main.o
                0x08000d5c                main
 .text.SystemClock_Config
                0x08000e78       0xe0 ./Core/Src/main.o
                0x08000e78                SystemClock_Config
 .text.Handle_Button_Yellow
                0x08000f58      0x1bc ./Core/Src/main.o
                0x08000f58                Handle_Button_Yellow
 .text.Handle_Button_Red
                0x08001114      0x120 ./Core/Src/main.o
                0x08001114                Handle_Button_Red
 .text.Handle_Button_Blue
                0x08001234      0x218 ./Core/Src/main.o
                0x08001234                Handle_Button_Blue
 .text.HAL_TIM_PeriodElapsedCallback
                0x0800144c      0x12c ./Core/Src/main.o
                0x0800144c                HAL_TIM_PeriodElapsedCallback
 .text.Error_Handler
                0x08001578        0x8 ./Core/Src/main.o
                0x08001578                Error_Handler
 .text.Moodeng_Init
                0x08001580       0x34 ./Core/Src/moodeng.o
                0x08001580                Moodeng_Init
 .text.Moodeng_LoadFlashData
                0x080015b4      0x250 ./Core/Src/moodeng.o
                0x080015b4                Moodeng_LoadFlashData
 .text.Moodeng_Reset
                0x08001804       0xbc ./Core/Src/moodeng.o
                0x08001804                Moodeng_Reset
 .text.Moodeng_WriteFlashData
                0x080018c0      0x230 ./Core/Src/moodeng.o
                0x080018c0                Moodeng_WriteFlashData
 .text.Moodeng_GenerateRandomNumber
                0x08001af0       0x3c ./Core/Src/moodeng.o
                0x08001af0                Moodeng_GenerateRandomNumber
 .text.inRangeInt
                0x08001b2c       0x32 ./Core/Src/moodeng.o
                0x08001b2c                inRangeInt
 .text.inRangeFloat
                0x08001b5e       0x52 ./Core/Src/moodeng.o
                0x08001b5e                inRangeFloat
 .text.setHappy
                0x08001bb0       0x4c ./Core/Src/moodeng.o
                0x08001bb0                setHappy
 .text.setWeight
                0x08001bfc       0x3c ./Core/Src/moodeng.o
                0x08001bfc                setWeight
 .text.setHunger
                0x08001c38       0x4c ./Core/Src/moodeng.o
                0x08001c38                setHunger
 .text.setPoopCount
                0x08001c84       0x3c ./Core/Src/moodeng.o
                0x08001c84                setPoopCount
 .text.setPoopRate
                0x08001cc0       0x48 ./Core/Src/moodeng.o
                0x08001cc0                setPoopRate
 .text.setIsSick
                0x08001d08       0x54 ./Core/Src/moodeng.o
                0x08001d08                setIsSick
 .text.setHealRate
                0x08001d5c       0x48 ./Core/Src/moodeng.o
                0x08001d5c                setHealRate
 .text.setDiscipline
                0x08001da4       0x3c ./Core/Src/moodeng.o
                0x08001da4                setDiscipline
 .text.setisTired
                0x08001de0       0x38 ./Core/Src/moodeng.o
                0x08001de0                setisTired
 .text.setEvolution
                0x08001e18       0x3c ./Core/Src/moodeng.o
                0x08001e18                setEvolution
 .text.setEmotion
                0x08001e54       0x38 ./Core/Src/moodeng.o
                0x08001e54                setEmotion
 .text.setIsAlive
                0x08001e8c       0x38 ./Core/Src/moodeng.o
                0x08001e8c                setIsAlive
 .text.setNextDecayHappy
                0x08001ec4       0x34 ./Core/Src/moodeng.o
                0x08001ec4                setNextDecayHappy
 .text.setNextDecayHunger
                0x08001ef8       0x34 ./Core/Src/moodeng.o
                0x08001ef8                setNextDecayHunger
 .text.setNextPoopTime
                0x08001f2c       0x34 ./Core/Src/moodeng.o
                0x08001f2c                setNextPoopTime
 .text.setNextSickTime
                0x08001f60       0x34 ./Core/Src/moodeng.o
                0x08001f60                setNextSickTime
 .text.setNextHurtTime
                0x08001f94       0x34 ./Core/Src/moodeng.o
                0x08001f94                setNextHurtTime
 .text.setNextDirtyTime
                0x08001fc8       0x34 ./Core/Src/moodeng.o
                0x08001fc8                setNextDirtyTime
 .text.setNextSleepyTime
                0x08001ffc       0x34 ./Core/Src/moodeng.o
                0x08001ffc                setNextSleepyTime
 .text.setSleepingTime
                0x08002030       0x34 ./Core/Src/moodeng.o
                0x08002030                setSleepingTime
 .text.setIsSleeping
                0x08002064       0x38 ./Core/Src/moodeng.o
                0x08002064                setIsSleeping
 .text.Moodeng_FeedingChance
                0x0800209c       0x30 ./Core/Src/moodeng.o
                0x0800209c                Moodeng_FeedingChance
 .text.Moodeng_SickChance
                0x080020cc       0xb0 ./Core/Src/moodeng.o
                0x080020cc                Moodeng_SickChance
 .text.Moodeng_PlayingChance
                0x0800217c       0x4c ./Core/Src/moodeng.o
                0x0800217c                Moodeng_PlayingChance
 .text.checkEvolution
                0x080021c8      0x120 ./Core/Src/moodeng.o
                0x080021c8                checkEvolution
 .text.Moodeng_Update
                0x080022e8      0x304 ./Core/Src/moodeng.o
                0x080022e8                Moodeng_Update
 .text.Moodeng_Minigame
                0x080025ec       0x5e ./Core/Src/moodeng.o
                0x080025ec                Moodeng_Minigame
 *fill*         0x0800264a        0x2 
 .text.Moodeng_Heal
                0x0800264c       0x80 ./Core/Src/moodeng.o
                0x0800264c                Moodeng_Heal
 .text.Moodeng_Check_Feed
                0x080026cc       0x7c ./Core/Src/moodeng.o
                0x080026cc                Moodeng_Check_Feed
 .text.Moodeng_Check_Play
                0x08002748       0x7c ./Core/Src/moodeng.o
                0x08002748                Moodeng_Check_Play
 .text.Moodeng_Handle_Lose
                0x080027c4       0x5c ./Core/Src/moodeng.o
                0x080027c4                Moodeng_Handle_Lose
 .text.Moodeng_lose_animation
                0x08002820       0x6c ./Core/Src/moodeng.o
                0x08002820                Moodeng_lose_animation
 .text.MX_RNG_Init
                0x0800288c       0x28 ./Core/Src/rng.o
                0x0800288c                MX_RNG_Init
 .text.HAL_RNG_MspInit
                0x080028b4       0x68 ./Core/Src/rng.o
                0x080028b4                HAL_RNG_MspInit
 .text.MX_SPI5_Init
                0x0800291c       0x7c ./Core/Src/spi.o
                0x0800291c                MX_SPI5_Init
 .text.HAL_SPI_MspInit
                0x08002998       0x88 ./Core/Src/spi.o
                0x08002998                HAL_SPI_MspInit
 .text.SpriteAnimator_Init
                0x08002a20       0x58 ./Core/Src/sprite_animator.o
                0x08002a20                SpriteAnimator_Init
 .text.SpriteAnimator_Update
                0x08002a78       0x46 ./Core/Src/sprite_animator.o
                0x08002a78                SpriteAnimator_Update
 .text.ILI9341_Draw_PartImage
                0x08002abe      0x122 ./Core/Src/sprite_animator.o
                0x08002abe                ILI9341_Draw_PartImage
 .text.SpriteAnimator_Draw
                0x08002be0       0x36 ./Core/Src/sprite_animator.o
                0x08002be0                SpriteAnimator_Draw
 *fill*         0x08002c16        0x2 
 .text.HAL_MspInit
                0x08002c18       0x48 ./Core/Src/stm32f7xx_hal_msp.o
                0x08002c18                HAL_MspInit
 .text.SysTick_Handler
                0x08002c60        0xc ./Core/Src/stm32f7xx_it.o
                0x08002c60                SysTick_Handler
 .text.EXTI0_IRQHandler
                0x08002c6c        0xe ./Core/Src/stm32f7xx_it.o
                0x08002c6c                EXTI0_IRQHandler
 .text.EXTI3_IRQHandler
                0x08002c7a        0xe ./Core/Src/stm32f7xx_it.o
                0x08002c7a                EXTI3_IRQHandler
 .text.EXTI9_5_IRQHandler
                0x08002c88        0xe ./Core/Src/stm32f7xx_it.o
                0x08002c88                EXTI9_5_IRQHandler
 *fill*         0x08002c96        0x2 
 .text.TIM1_UP_TIM10_IRQHandler
                0x08002c98       0x1c ./Core/Src/stm32f7xx_it.o
                0x08002c98                TIM1_UP_TIM10_IRQHandler
 .text.TIM3_IRQHandler
                0x08002cb4       0x14 ./Core/Src/stm32f7xx_it.o
                0x08002cb4                TIM3_IRQHandler
 .text.EXTI15_10_IRQHandler
                0x08002cc8       0x18 ./Core/Src/stm32f7xx_it.o
                0x08002cc8                EXTI15_10_IRQHandler
 .text.DMA2_Stream0_IRQHandler
                0x08002ce0       0x14 ./Core/Src/stm32f7xx_it.o
                0x08002ce0                DMA2_Stream0_IRQHandler
 .text._getpid  0x08002cf4       0x10 ./Core/Src/syscalls.o
                0x08002cf4                _getpid
 .text._kill    0x08002d04       0x20 ./Core/Src/syscalls.o
                0x08002d04                _kill
 .text._exit    0x08002d24       0x16 ./Core/Src/syscalls.o
                0x08002d24                _exit
 .text._read    0x08002d3a       0x3a ./Core/Src/syscalls.o
                0x08002d3a                _read
 .text._write   0x08002d74       0x38 ./Core/Src/syscalls.o
                0x08002d74                _write
 .text._close   0x08002dac       0x18 ./Core/Src/syscalls.o
                0x08002dac                _close
 .text._fstat   0x08002dc4       0x20 ./Core/Src/syscalls.o
                0x08002dc4                _fstat
 .text._isatty  0x08002de4       0x16 ./Core/Src/syscalls.o
                0x08002de4                _isatty
 .text._lseek   0x08002dfa       0x1a ./Core/Src/syscalls.o
                0x08002dfa                _lseek
 .text._sbrk    0x08002e14       0x6c ./Core/Src/sysmem.o
                0x08002e14                _sbrk
 .text.SystemInit
                0x08002e80       0x6c ./Core/Src/system_stm32f7xx.o
                0x08002e80                SystemInit
 .text.MX_TIM1_Init
                0x08002eec       0xa8 ./Core/Src/tim.o
                0x08002eec                MX_TIM1_Init
 .text.MX_TIM2_Init
                0x08002f94       0xec ./Core/Src/tim.o
                0x08002f94                MX_TIM2_Init
 .text.MX_TIM3_Init
                0x08003080       0x9c ./Core/Src/tim.o
                0x08003080                MX_TIM3_Init
 .text.HAL_TIM_Base_MspInit
                0x0800311c       0xa8 ./Core/Src/tim.o
                0x0800311c                HAL_TIM_Base_MspInit
 .text.HAL_TIM_MspPostInit
                0x080031c4       0x6c ./Core/Src/tim.o
                0x080031c4                HAL_TIM_MspPostInit
 .text.Timer_Init
                0x08003230       0x26 ./Core/Src/timer.o
                0x08003230                Timer_Init
 *fill*         0x08003256        0x2 
 .text.Timer_Update
                0x08003258       0xac ./Core/Src/timer.o
                0x08003258                Timer_Update
 .text.Timer_Reset
                0x08003304       0x26 ./Core/Src/timer.o
                0x08003304                Timer_Reset
 *fill*         0x0800332a        0x2 
 .text.UIManager_Init
                0x0800332c      0x2f4 ./Core/Src/ui_manager.o
                0x0800332c                UIManager_Init
 .text.UIManager_SetState
                0x08003620       0xcc ./Core/Src/ui_manager.o
                0x08003620                UIManager_SetState
 .text.UIManager_Update
                0x080036ec       0xd4 ./Core/Src/ui_manager.o
                0x080036ec                UIManager_Update
 .text.UIManager_Draw
                0x080037c0      0x164 ./Core/Src/ui_manager.o
                0x080037c0                UIManager_Draw
 .text.MX_USART3_UART_Init
                0x08003924       0x60 ./Core/Src/usart.o
                0x08003924                MX_USART3_UART_Init
 .text.HAL_UART_MspInit
                0x08003984       0xc0 ./Core/Src/usart.o
                0x08003984                HAL_UART_MspInit
 .text.Reset_Handler
                0x08003a44       0x50 ./Core/Startup/startup_stm32f767zitx.o
                0x08003a44                Reset_Handler
 .text.Default_Handler
                0x08003a94        0x2 ./Core/Startup/startup_stm32f767zitx.o
                0x08003a94                RTC_Alarm_IRQHandler
                0x08003a94                EXTI2_IRQHandler
                0x08003a94                TIM8_CC_IRQHandler
                0x08003a94                DebugMon_Handler
                0x08003a94                UART8_IRQHandler
                0x08003a94                SPI4_IRQHandler
                0x08003a94                TIM1_CC_IRQHandler
                0x08003a94                DMA2_Stream5_IRQHandler
                0x08003a94                HardFault_Handler
                0x08003a94                JPEG_IRQHandler
                0x08003a94                DMA1_Stream5_IRQHandler
                0x08003a94                CAN3_RX1_IRQHandler
                0x08003a94                PVD_IRQHandler
                0x08003a94                TAMP_STAMP_IRQHandler
                0x08003a94                PendSV_Handler
                0x08003a94                NMI_Handler
                0x08003a94                CAN2_RX1_IRQHandler
                0x08003a94                TIM8_TRG_COM_TIM14_IRQHandler
                0x08003a94                DFSDM1_FLT1_IRQHandler
                0x08003a94                TIM8_UP_TIM13_IRQHandler
                0x08003a94                I2C3_ER_IRQHandler
                0x08003a94                DFSDM1_FLT2_IRQHandler
                0x08003a94                I2C2_EV_IRQHandler
                0x08003a94                DMA1_Stream2_IRQHandler
                0x08003a94                CAN1_RX0_IRQHandler
                0x08003a94                FPU_IRQHandler
                0x08003a94                OTG_HS_WKUP_IRQHandler
                0x08003a94                CAN3_SCE_IRQHandler
                0x08003a94                UsageFault_Handler
                0x08003a94                LTDC_ER_IRQHandler
                0x08003a94                CAN2_SCE_IRQHandler
                0x08003a94                DMA2_Stream2_IRQHandler
                0x08003a94                SPI1_IRQHandler
                0x08003a94                TIM6_DAC_IRQHandler
                0x08003a94                TIM1_BRK_TIM9_IRQHandler
                0x08003a94                DCMI_IRQHandler
                0x08003a94                CAN2_RX0_IRQHandler
                0x08003a94                DMA2_Stream3_IRQHandler
                0x08003a94                SAI2_IRQHandler
                0x08003a94                DFSDM1_FLT3_IRQHandler
                0x08003a94                USART6_IRQHandler
                0x08003a94                CAN3_RX0_IRQHandler
                0x08003a94                USART3_IRQHandler
                0x08003a94                CAN1_RX1_IRQHandler
                0x08003a94                UART5_IRQHandler
                0x08003a94                TIM4_IRQHandler
                0x08003a94                QUADSPI_IRQHandler
                0x08003a94                I2C1_EV_IRQHandler
                0x08003a94                DMA1_Stream6_IRQHandler
                0x08003a94                DMA1_Stream1_IRQHandler
                0x08003a94                UART4_IRQHandler
                0x08003a94                RCC_IRQHandler
                0x08003a94                TIM8_BRK_TIM12_IRQHandler
                0x08003a94                Default_Handler
                0x08003a94                CEC_IRQHandler
                0x08003a94                ADC_IRQHandler
                0x08003a94                DMA1_Stream7_IRQHandler
                0x08003a94                SPI5_IRQHandler
                0x08003a94                TIM7_IRQHandler
                0x08003a94                SDMMC1_IRQHandler
                0x08003a94                CAN2_TX_IRQHandler
                0x08003a94                TIM5_IRQHandler
                0x08003a94                DMA2_Stream7_IRQHandler
                0x08003a94                I2C3_EV_IRQHandler
                0x08003a94                RTC_WKUP_IRQHandler
                0x08003a94                LTDC_IRQHandler
                0x08003a94                ETH_WKUP_IRQHandler
                0x08003a94                SPDIF_RX_IRQHandler
                0x08003a94                SPI2_IRQHandler
                0x08003a94                OTG_HS_EP1_IN_IRQHandler
                0x08003a94                MemManage_Handler
                0x08003a94                DMA1_Stream0_IRQHandler
                0x08003a94                CAN1_TX_IRQHandler
                0x08003a94                SVC_Handler
                0x08003a94                EXTI4_IRQHandler
                0x08003a94                RNG_IRQHandler
                0x08003a94                ETH_IRQHandler
                0x08003a94                OTG_HS_EP1_OUT_IRQHandler
                0x08003a94                WWDG_IRQHandler
                0x08003a94                SPI6_IRQHandler
                0x08003a94                MDIOS_IRQHandler
                0x08003a94                I2C4_EV_IRQHandler
                0x08003a94                CAN3_TX_IRQHandler
                0x08003a94                TIM2_IRQHandler
                0x08003a94                OTG_FS_WKUP_IRQHandler
                0x08003a94                TIM1_TRG_COM_TIM11_IRQHandler
                0x08003a94                OTG_HS_IRQHandler
                0x08003a94                DMA2D_IRQHandler
                0x08003a94                EXTI1_IRQHandler
                0x08003a94                SDMMC2_IRQHandler
                0x08003a94                UART7_IRQHandler
                0x08003a94                USART2_IRQHandler
                0x08003a94                DFSDM1_FLT0_IRQHandler
                0x08003a94                I2C2_ER_IRQHandler
                0x08003a94                DMA2_Stream1_IRQHandler
                0x08003a94                CAN1_SCE_IRQHandler
                0x08003a94                FLASH_IRQHandler
                0x08003a94                DMA2_Stream4_IRQHandler
                0x08003a94                BusFault_Handler
                0x08003a94                USART1_IRQHandler
                0x08003a94                OTG_FS_IRQHandler
                0x08003a94                SPI3_IRQHandler
                0x08003a94                DMA1_Stream4_IRQHandler
                0x08003a94                I2C1_ER_IRQHandler
                0x08003a94                FMC_IRQHandler
                0x08003a94                LPTIM1_IRQHandler
                0x08003a94                I2C4_ER_IRQHandler
                0x08003a94                DMA2_Stream6_IRQHandler
                0x08003a94                SAI1_IRQHandler
                0x08003a94                DMA1_Stream3_IRQHandler
 .text.ILI9341_Draw_Filled_Rectangle_Coord
                0x08003a96       0xbc ./Drivers/ILI9341/ILI9341_GFX.o
                0x08003a96                ILI9341_Draw_Filled_Rectangle_Coord
 *fill*         0x08003b52        0x2 
 .text.ILI9341_Draw_Char
                0x08003b54      0x134 ./Drivers/ILI9341/ILI9341_GFX.o
                0x08003b54                ILI9341_Draw_Char
 .text.ILI9341_Draw_Text
                0x08003c88       0x5e ./Drivers/ILI9341/ILI9341_GFX.o
                0x08003c88                ILI9341_Draw_Text
 *fill*         0x08003ce6        0x2 
 .text.ILI9341_SPI_Init
                0x08003ce8       0x20 ./Drivers/ILI9341/ILI9341_STM32_Driver.o
                0x08003ce8                ILI9341_SPI_Init
 .text.ILI9341_SPI_Send
                0x08003d08       0x24 ./Drivers/ILI9341/ILI9341_STM32_Driver.o
                0x08003d08                ILI9341_SPI_Send
 .text.ILI9341_Write_Command
                0x08003d2c       0x44 ./Drivers/ILI9341/ILI9341_STM32_Driver.o
                0x08003d2c                ILI9341_Write_Command
 .text.ILI9341_Write_Data
                0x08003d70       0x44 ./Drivers/ILI9341/ILI9341_STM32_Driver.o
                0x08003d70                ILI9341_Write_Data
 .text.ILI9341_Set_Address
                0x08003db4       0x98 ./Drivers/ILI9341/ILI9341_STM32_Driver.o
                0x08003db4                ILI9341_Set_Address
 .text.ILI9341_Reset
                0x08003e4c       0x3c ./Drivers/ILI9341/ILI9341_STM32_Driver.o
                0x08003e4c                ILI9341_Reset
 .text.ILI9341_Set_Rotation
                0x08003e88       0xa4 ./Drivers/ILI9341/ILI9341_STM32_Driver.o
                0x08003e88                ILI9341_Set_Rotation
 .text.ILI9341_Enable
                0x08003f2c       0x18 ./Drivers/ILI9341/ILI9341_STM32_Driver.o
                0x08003f2c                ILI9341_Enable
 .text.ILI9341_Init
                0x08003f44      0x21a ./Drivers/ILI9341/ILI9341_STM32_Driver.o
                0x08003f44                ILI9341_Init
 *fill*         0x0800415e        0x2 
 .text.ILI9341_Draw_Colour_Burst
                0x08004160      0x13c ./Drivers/ILI9341/ILI9341_STM32_Driver.o
                0x08004160                ILI9341_Draw_Colour_Burst
 .text.ILI9341_Fill_Screen
                0x0800429c       0x4c ./Drivers/ILI9341/ILI9341_STM32_Driver.o
                0x0800429c                ILI9341_Fill_Screen
 .text.ILI9341_Draw_Pixel
                0x080042e8      0x1b4 ./Drivers/ILI9341/ILI9341_STM32_Driver.o
                0x080042e8                ILI9341_Draw_Pixel
 .text.ILI9341_Draw_Rectangle
                0x0800449c       0xb8 ./Drivers/ILI9341/ILI9341_STM32_Driver.o
                0x0800449c                ILI9341_Draw_Rectangle
 .text.HAL_Init
                0x08004554       0x2c ./Drivers/STM32F7xx_HAL_Driver/Src/stm32f7xx_hal.o
                0x08004554                HAL_Init
 .text.HAL_InitTick
                0x08004580       0x60 ./Drivers/STM32F7xx_HAL_Driver/Src/stm32f7xx_hal.o
                0x08004580                HAL_InitTick
 .text.HAL_IncTick
                0x080045e0       0x28 ./Drivers/STM32F7xx_HAL_Driver/Src/stm32f7xx_hal.o
                0x080045e0                HAL_IncTick
 .text.HAL_GetTick
                0x08004608       0x18 ./Drivers/STM32F7xx_HAL_Driver/Src/stm32f7xx_hal.o
                0x08004608                HAL_GetTick
 .text.HAL_Delay
                0x08004620       0x48 ./Drivers/STM32F7xx_HAL_Driver/Src/stm32f7xx_hal.o
                0x08004620                HAL_Delay
 .text.HAL_ADC_Init
                0x08004668       0x88 ./Drivers/STM32F7xx_HAL_Driver/Src/stm32f7xx_hal_adc.o
                0x08004668                HAL_ADC_Init
 .text.HAL_ADC_Start
                0x080046f0      0x19c ./Drivers/STM32F7xx_HAL_Driver/Src/stm32f7xx_hal_adc.o
                0x080046f0                HAL_ADC_Start
 .text.HAL_ADC_Stop
                0x0800488c       0x68 ./Drivers/STM32F7xx_HAL_Driver/Src/stm32f7xx_hal_adc.o
                0x0800488c                HAL_ADC_Stop
 .text.HAL_ADC_PollForConversion
                0x080048f4      0x116 ./Drivers/STM32F7xx_HAL_Driver/Src/stm32f7xx_hal_adc.o
                0x080048f4                HAL_ADC_PollForConversion
 .text.HAL_ADC_GetValue
                0x08004a0a       0x1a ./Drivers/STM32F7xx_HAL_Driver/Src/stm32f7xx_hal_adc.o
                0x08004a0a                HAL_ADC_GetValue
 .text.HAL_ADC_ConfigChannel
                0x08004a24      0x2b4 ./Drivers/STM32F7xx_HAL_Driver/Src/stm32f7xx_hal_adc.o
                0x08004a24                HAL_ADC_ConfigChannel
 .text.ADC_Init
                0x08004cd8      0x1f4 ./Drivers/STM32F7xx_HAL_Driver/Src/stm32f7xx_hal_adc.o
 .text.__NVIC_SetPriorityGrouping
                0x08004ecc       0x48 ./Drivers/STM32F7xx_HAL_Driver/Src/stm32f7xx_hal_cortex.o
 .text.__NVIC_GetPriorityGrouping
                0x08004f14       0x1c ./Drivers/STM32F7xx_HAL_Driver/Src/stm32f7xx_hal_cortex.o
 .text.__NVIC_EnableIRQ
                0x08004f30       0x3c ./Drivers/STM32F7xx_HAL_Driver/Src/stm32f7xx_hal_cortex.o
 .text.__NVIC_SetPriority
                0x08004f6c       0x54 ./Drivers/STM32F7xx_HAL_Driver/Src/stm32f7xx_hal_cortex.o
 .text.NVIC_EncodePriority
                0x08004fc0       0x66 ./Drivers/STM32F7xx_HAL_Driver/Src/stm32f7xx_hal_cortex.o
 *fill*         0x08005026        0x2 
 .text.SysTick_Config
                0x08005028       0x44 ./Drivers/STM32F7xx_HAL_Driver/Src/stm32f7xx_hal_cortex.o
 .text.HAL_NVIC_SetPriorityGrouping
                0x0800506c       0x16 ./Drivers/STM32F7xx_HAL_Driver/Src/stm32f7xx_hal_cortex.o
                0x0800506c                HAL_NVIC_SetPriorityGrouping
 .text.HAL_NVIC_SetPriority
                0x08005082       0x38 ./Drivers/STM32F7xx_HAL_Driver/Src/stm32f7xx_hal_cortex.o
                0x08005082                HAL_NVIC_SetPriority
 .text.HAL_NVIC_EnableIRQ
                0x080050ba       0x1c ./Drivers/STM32F7xx_HAL_Driver/Src/stm32f7xx_hal_cortex.o
                0x080050ba                HAL_NVIC_EnableIRQ
 .text.HAL_SYSTICK_Config
                0x080050d6       0x18 ./Drivers/STM32F7xx_HAL_Driver/Src/stm32f7xx_hal_cortex.o
                0x080050d6                HAL_SYSTICK_Config
 *fill*         0x080050ee        0x2 
 .text.HAL_DMA_Init
                0x080050f0      0x15c ./Drivers/STM32F7xx_HAL_Driver/Src/stm32f7xx_hal_dma.o
                0x080050f0                HAL_DMA_Init
 .text.HAL_DMA_IRQHandler
                0x0800524c      0x314 ./Drivers/STM32F7xx_HAL_Driver/Src/stm32f7xx_hal_dma.o
                0x0800524c                HAL_DMA_IRQHandler
 .text.DMA_CalcBaseAndBitshift
                0x08005560       0x6c ./Drivers/STM32F7xx_HAL_Driver/Src/stm32f7xx_hal_dma.o
 .text.DMA_CheckFifoParam
                0x080055cc       0xf8 ./Drivers/STM32F7xx_HAL_Driver/Src/stm32f7xx_hal_dma.o
 .text.HAL_FLASH_Program
                0x080056c4       0xb4 ./Drivers/STM32F7xx_HAL_Driver/Src/stm32f7xx_hal_flash.o
                0x080056c4                HAL_FLASH_Program
 .text.HAL_FLASH_Unlock
                0x08005778       0x44 ./Drivers/STM32F7xx_HAL_Driver/Src/stm32f7xx_hal_flash.o
                0x08005778                HAL_FLASH_Unlock
 .text.HAL_FLASH_Lock
                0x080057bc       0x20 ./Drivers/STM32F7xx_HAL_Driver/Src/stm32f7xx_hal_flash.o
                0x080057bc                HAL_FLASH_Lock
 .text.FLASH_WaitForLastOperation
                0x080057dc       0x80 ./Drivers/STM32F7xx_HAL_Driver/Src/stm32f7xx_hal_flash.o
                0x080057dc                FLASH_WaitForLastOperation
 .text.FLASH_Program_DoubleWord
                0x0800585c       0x6c ./Drivers/STM32F7xx_HAL_Driver/Src/stm32f7xx_hal_flash.o
 .text.FLASH_Program_Word
                0x080058c8       0x4c ./Drivers/STM32F7xx_HAL_Driver/Src/stm32f7xx_hal_flash.o
 .text.FLASH_Program_HalfWord
                0x08005914       0x4c ./Drivers/STM32F7xx_HAL_Driver/Src/stm32f7xx_hal_flash.o
 .text.FLASH_Program_Byte
                0x08005960       0x48 ./Drivers/STM32F7xx_HAL_Driver/Src/stm32f7xx_hal_flash.o
 .text.FLASH_SetErrorCode
                0x080059a8       0x94 ./Drivers/STM32F7xx_HAL_Driver/Src/stm32f7xx_hal_flash.o
 .text.HAL_GPIO_Init
                0x08005a3c      0x358 ./Drivers/STM32F7xx_HAL_Driver/Src/stm32f7xx_hal_gpio.o
                0x08005a3c                HAL_GPIO_Init
 .text.HAL_GPIO_WritePin
                0x08005d94       0x32 ./Drivers/STM32F7xx_HAL_Driver/Src/stm32f7xx_hal_gpio.o
                0x08005d94                HAL_GPIO_WritePin
 *fill*         0x08005dc6        0x2 
 .text.HAL_GPIO_EXTI_IRQHandler
                0x08005dc8       0x30 ./Drivers/STM32F7xx_HAL_Driver/Src/stm32f7xx_hal_gpio.o
                0x08005dc8                HAL_GPIO_EXTI_IRQHandler
 .text.HAL_PWR_EnableBkUpAccess
                0x08005df8       0x20 ./Drivers/STM32F7xx_HAL_Driver/Src/stm32f7xx_hal_pwr.o
                0x08005df8                HAL_PWR_EnableBkUpAccess
 .text.HAL_PWREx_EnableOverDrive
                0x08005e18       0xa0 ./Drivers/STM32F7xx_HAL_Driver/Src/stm32f7xx_hal_pwr_ex.o
                0x08005e18                HAL_PWREx_EnableOverDrive
 .text.HAL_RCC_OscConfig
                0x08005eb8      0x55c ./Drivers/STM32F7xx_HAL_Driver/Src/stm32f7xx_hal_rcc.o
                0x08005eb8                HAL_RCC_OscConfig
 .text.HAL_RCC_ClockConfig
                0x08006414      0x1d8 ./Drivers/STM32F7xx_HAL_Driver/Src/stm32f7xx_hal_rcc.o
                0x08006414                HAL_RCC_ClockConfig
 .text.HAL_RCC_GetSysClockFreq
                0x080065ec      0x20c ./Drivers/STM32F7xx_HAL_Driver/Src/stm32f7xx_hal_rcc.o
                0x080065ec                HAL_RCC_GetSysClockFreq
 .text.HAL_RCC_GetHCLKFreq
                0x080067f8       0x18 ./Drivers/STM32F7xx_HAL_Driver/Src/stm32f7xx_hal_rcc.o
                0x080067f8                HAL_RCC_GetHCLKFreq
 .text.HAL_RCC_GetPCLK1Freq
                0x08006810       0x28 ./Drivers/STM32F7xx_HAL_Driver/Src/stm32f7xx_hal_rcc.o
                0x08006810                HAL_RCC_GetPCLK1Freq
 .text.HAL_RCC_GetPCLK2Freq
                0x08006838       0x28 ./Drivers/STM32F7xx_HAL_Driver/Src/stm32f7xx_hal_rcc.o
                0x08006838                HAL_RCC_GetPCLK2Freq
 .text.HAL_RCCEx_PeriphCLKConfig
                0x08006860      0x850 ./Drivers/STM32F7xx_HAL_Driver/Src/stm32f7xx_hal_rcc_ex.o
                0x08006860                HAL_RCCEx_PeriphCLKConfig
 .text.HAL_RNG_Init
                0x080070b0       0x54 ./Drivers/STM32F7xx_HAL_Driver/Src/stm32f7xx_hal_rng.o
                0x080070b0                HAL_RNG_Init
 .text.HAL_RNG_GenerateRandomNumber
                0x08007104       0xac ./Drivers/STM32F7xx_HAL_Driver/Src/stm32f7xx_hal_rng.o
                0x08007104                HAL_RNG_GenerateRandomNumber
 .text.HAL_SPI_Init
                0x080071b0      0x156 ./Drivers/STM32F7xx_HAL_Driver/Src/stm32f7xx_hal_spi.o
                0x080071b0                HAL_SPI_Init
 .text.HAL_SPI_Transmit
                0x08007306      0x2ec ./Drivers/STM32F7xx_HAL_Driver/Src/stm32f7xx_hal_spi.o
                0x08007306                HAL_SPI_Transmit
 *fill*         0x080075f2        0x2 
 .text.SPI_WaitFlagStateUntilTimeout
                0x080075f4      0x110 ./Drivers/STM32F7xx_HAL_Driver/Src/stm32f7xx_hal_spi.o
 .text.SPI_WaitFifoStateUntilTimeout
                0x08007704      0x12c ./Drivers/STM32F7xx_HAL_Driver/Src/stm32f7xx_hal_spi.o
 .text.SPI_EndRxTxTransaction
                0x08007830       0xd4 ./Drivers/STM32F7xx_HAL_Driver/Src/stm32f7xx_hal_spi.o
 .text.HAL_TIM_Base_Init
                0x08007904       0xae ./Drivers/STM32F7xx_HAL_Driver/Src/stm32f7xx_hal_tim.o
                0x08007904                HAL_TIM_Base_Init
 *fill*         0x080079b2        0x2 
 .text.HAL_TIM_Base_Start_IT
                0x080079b4       0xf0 ./Drivers/STM32F7xx_HAL_Driver/Src/stm32f7xx_hal_tim.o
                0x080079b4                HAL_TIM_Base_Start_IT
 .text.HAL_TIM_PWM_Init
                0x08007aa4       0xae ./Drivers/STM32F7xx_HAL_Driver/Src/stm32f7xx_hal_tim.o
                0x08007aa4                HAL_TIM_PWM_Init
 .text.HAL_TIM_PWM_MspInit
                0x08007b52       0x14 ./Drivers/STM32F7xx_HAL_Driver/Src/stm32f7xx_hal_tim.o
                0x08007b52                HAL_TIM_PWM_MspInit
 *fill*         0x08007b66        0x2 
 .text.HAL_TIM_PWM_Start
                0x08007b68      0x1f4 ./Drivers/STM32F7xx_HAL_Driver/Src/stm32f7xx_hal_tim.o
                0x08007b68                HAL_TIM_PWM_Start
 .text.HAL_TIM_IRQHandler
                0x08007d5c      0x20e ./Drivers/STM32F7xx_HAL_Driver/Src/stm32f7xx_hal_tim.o
                0x08007d5c                HAL_TIM_IRQHandler
 *fill*         0x08007f6a        0x2 
 .text.HAL_TIM_PWM_ConfigChannel
                0x08007f6c      0x228 ./Drivers/STM32F7xx_HAL_Driver/Src/stm32f7xx_hal_tim.o
                0x08007f6c                HAL_TIM_PWM_ConfigChannel
 .text.HAL_TIM_ConfigClockSource
                0x08008194      0x194 ./Drivers/STM32F7xx_HAL_Driver/Src/stm32f7xx_hal_tim.o
                0x08008194                HAL_TIM_ConfigClockSource
 .text.HAL_TIM_OC_DelayElapsedCallback
                0x08008328       0x14 ./Drivers/STM32F7xx_HAL_Driver/Src/stm32f7xx_hal_tim.o
                0x08008328                HAL_TIM_OC_DelayElapsedCallback
 .text.HAL_TIM_IC_CaptureCallback
                0x0800833c       0x14 ./Drivers/STM32F7xx_HAL_Driver/Src/stm32f7xx_hal_tim.o
                0x0800833c                HAL_TIM_IC_CaptureCallback
 .text.HAL_TIM_PWM_PulseFinishedCallback
                0x08008350       0x14 ./Drivers/STM32F7xx_HAL_Driver/Src/stm32f7xx_hal_tim.o
                0x08008350                HAL_TIM_PWM_PulseFinishedCallback
 .text.HAL_TIM_TriggerCallback
                0x08008364       0x14 ./Drivers/STM32F7xx_HAL_Driver/Src/stm32f7xx_hal_tim.o
                0x08008364                HAL_TIM_TriggerCallback
 .text.TIM_Base_SetConfig
                0x08008378      0x14c ./Drivers/STM32F7xx_HAL_Driver/Src/stm32f7xx_hal_tim.o
                0x08008378                TIM_Base_SetConfig
 .text.TIM_OC1_SetConfig
                0x080084c4       0xe4 ./Drivers/STM32F7xx_HAL_Driver/Src/stm32f7xx_hal_tim.o
 .text.TIM_OC2_SetConfig
                0x080085a8       0xf0 ./Drivers/STM32F7xx_HAL_Driver/Src/stm32f7xx_hal_tim.o
                0x080085a8                TIM_OC2_SetConfig
 .text.TIM_OC3_SetConfig
                0x08008698       0xec ./Drivers/STM32F7xx_HAL_Driver/Src/stm32f7xx_hal_tim.o
 .text.TIM_OC4_SetConfig
                0x08008784       0xb0 ./Drivers/STM32F7xx_HAL_Driver/Src/stm32f7xx_hal_tim.o
 .text.TIM_OC5_SetConfig
                0x08008834       0xa4 ./Drivers/STM32F7xx_HAL_Driver/Src/stm32f7xx_hal_tim.o
 .text.TIM_OC6_SetConfig
                0x080088d8       0xa8 ./Drivers/STM32F7xx_HAL_Driver/Src/stm32f7xx_hal_tim.o
 .text.TIM_TI1_ConfigInputStage
                0x08008980       0x5e ./Drivers/STM32F7xx_HAL_Driver/Src/stm32f7xx_hal_tim.o
 .text.TIM_TI2_ConfigInputStage
                0x080089de       0x60 ./Drivers/STM32F7xx_HAL_Driver/Src/stm32f7xx_hal_tim.o
 .text.TIM_ITRx_SetConfig
                0x08008a3e       0x36 ./Drivers/STM32F7xx_HAL_Driver/Src/stm32f7xx_hal_tim.o
 .text.TIM_ETR_SetConfig
                0x08008a74       0x40 ./Drivers/STM32F7xx_HAL_Driver/Src/stm32f7xx_hal_tim.o
                0x08008a74                TIM_ETR_SetConfig
 .text.TIM_CCxChannelCmd
                0x08008ab4       0x4a ./Drivers/STM32F7xx_HAL_Driver/Src/stm32f7xx_hal_tim.o
                0x08008ab4                TIM_CCxChannelCmd
 *fill*         0x08008afe        0x2 
 .text.HAL_TIMEx_MasterConfigSynchronization
                0x08008b00      0x11c ./Drivers/STM32F7xx_HAL_Driver/Src/stm32f7xx_hal_tim_ex.o
                0x08008b00                HAL_TIMEx_MasterConfigSynchronization
 .text.HAL_TIMEx_CommutCallback
                0x08008c1c       0x14 ./Drivers/STM32F7xx_HAL_Driver/Src/stm32f7xx_hal_tim_ex.o
                0x08008c1c                HAL_TIMEx_CommutCallback
 .text.HAL_TIMEx_BreakCallback
                0x08008c30       0x14 ./Drivers/STM32F7xx_HAL_Driver/Src/stm32f7xx_hal_tim_ex.o
                0x08008c30                HAL_TIMEx_BreakCallback
 .text.HAL_TIMEx_Break2Callback
                0x08008c44       0x14 ./Drivers/STM32F7xx_HAL_Driver/Src/stm32f7xx_hal_tim_ex.o
                0x08008c44                HAL_TIMEx_Break2Callback
 .text.HAL_UART_Init
                0x08008c58       0x9c ./Drivers/STM32F7xx_HAL_Driver/Src/stm32f7xx_hal_uart.o
                0x08008c58                HAL_UART_Init
 .text.HAL_UART_Transmit
                0x08008cf4      0x112 ./Drivers/STM32F7xx_HAL_Driver/Src/stm32f7xx_hal_uart.o
                0x08008cf4                HAL_UART_Transmit
 *fill*         0x08008e06        0x2 
 .text.UART_SetConfig
                0x08008e08      0x4c8 ./Drivers/STM32F7xx_HAL_Driver/Src/stm32f7xx_hal_uart.o
                0x08008e08                UART_SetConfig
 .text.UART_AdvFeatureConfig
                0x080092d0      0x144 ./Drivers/STM32F7xx_HAL_Driver/Src/stm32f7xx_hal_uart.o
                0x080092d0                UART_AdvFeatureConfig
 .text.UART_CheckIdleState
                0x08009414      0x150 ./Drivers/STM32F7xx_HAL_Driver/Src/stm32f7xx_hal_uart.o
                0x08009414                UART_CheckIdleState
 .text.UART_WaitOnFlagUntilTimeout
                0x08009564       0xda ./Drivers/STM32F7xx_HAL_Driver/Src/stm32f7xx_hal_uart.o
                0x08009564                UART_WaitOnFlagUntilTimeout
 .text.UART_EndRxTransfer
                0x0800963e       0xc8 ./Drivers/STM32F7xx_HAL_Driver/Src/stm32f7xx_hal_uart.o
 .text.__cvt    0x08009706       0xa8 C:/ST/STM32CubeIDE_1.19.0/STM32CubeIDE/plugins/com.st.stm32cube.ide.mcu.externaltools.gnu-tools-for-stm32.13.3.rel1.win32_1.0.0.202411081344/tools/bin/../lib/gcc/arm-none-eabi/13.3.1/../../../../arm-none-eabi/lib/thumb/v7e-m+dp/hard\libc_nano.a(libc_a-nano-vfprintf_float.o)
                0x08009706                __cvt
 .text.__exponent
                0x080097ae       0x74 C:/ST/STM32CubeIDE_1.19.0/STM32CubeIDE/plugins/com.st.stm32cube.ide.mcu.externaltools.gnu-tools-for-stm32.13.3.rel1.win32_1.0.0.202411081344/tools/bin/../lib/gcc/arm-none-eabi/13.3.1/../../../../arm-none-eabi/lib/thumb/v7e-m+dp/hard\libc_nano.a(libc_a-nano-vfprintf_float.o)
                0x080097ae                __exponent
 *fill*         0x08009822        0x6 
 .text._printf_float
                0x08009828      0x434 C:/ST/STM32CubeIDE_1.19.0/STM32CubeIDE/plugins/com.st.stm32cube.ide.mcu.externaltools.gnu-tools-for-stm32.13.3.rel1.win32_1.0.0.202411081344/tools/bin/../lib/gcc/arm-none-eabi/13.3.1/../../../../arm-none-eabi/lib/thumb/v7e-m+dp/hard\libc_nano.a(libc_a-nano-vfprintf_float.o)
                0x08009828                _printf_float
 .text._printf_common
                0x08009c5c       0xda C:/ST/STM32CubeIDE_1.19.0/STM32CubeIDE/plugins/com.st.stm32cube.ide.mcu.externaltools.gnu-tools-for-stm32.13.3.rel1.win32_1.0.0.202411081344/tools/bin/../lib/gcc/arm-none-eabi/13.3.1/../../../../arm-none-eabi/lib/thumb/v7e-m+dp/hard\libc_nano.a(libc_a-nano-vfprintf_i.o)
                0x08009c5c                _printf_common
 *fill*         0x08009d36        0x2 
 .text._printf_i
                0x08009d38      0x23c C:/ST/STM32CubeIDE_1.19.0/STM32CubeIDE/plugins/com.st.stm32cube.ide.mcu.externaltools.gnu-tools-for-stm32.13.3.rel1.win32_1.0.0.202411081344/tools/bin/../lib/gcc/arm-none-eabi/13.3.1/../../../../arm-none-eabi/lib/thumb/v7e-m+dp/hard\libc_nano.a(libc_a-nano-vfprintf_i.o)
                0x08009d38                _printf_i
 .text.std      0x08009f74       0x6c C:/ST/STM32CubeIDE_1.19.0/STM32CubeIDE/plugins/com.st.stm32cube.ide.mcu.externaltools.gnu-tools-for-stm32.13.3.rel1.win32_1.0.0.202411081344/tools/bin/../lib/gcc/arm-none-eabi/13.3.1/../../../../arm-none-eabi/lib/thumb/v7e-m+dp/hard\libc_nano.a(libc_a-findfp.o)
 .text.stdio_exit_handler
                0x08009fe0       0x18 C:/ST/STM32CubeIDE_1.19.0/STM32CubeIDE/plugins/com.st.stm32cube.ide.mcu.externaltools.gnu-tools-for-stm32.13.3.rel1.win32_1.0.0.202411081344/tools/bin/../lib/gcc/arm-none-eabi/13.3.1/../../../../arm-none-eabi/lib/thumb/v7e-m+dp/hard\libc_nano.a(libc_a-findfp.o)
 .text.cleanup_stdio
                0x08009ff8       0x40 C:/ST/STM32CubeIDE_1.19.0/STM32CubeIDE/plugins/com.st.stm32cube.ide.mcu.externaltools.gnu-tools-for-stm32.13.3.rel1.win32_1.0.0.202411081344/tools/bin/../lib/gcc/arm-none-eabi/13.3.1/../../../../arm-none-eabi/lib/thumb/v7e-m+dp/hard\libc_nano.a(libc_a-findfp.o)
 .text.global_stdio_init.part.0
                0x0800a038       0x3c C:/ST/STM32CubeIDE_1.19.0/STM32CubeIDE/plugins/com.st.stm32cube.ide.mcu.externaltools.gnu-tools-for-stm32.13.3.rel1.win32_1.0.0.202411081344/tools/bin/../lib/gcc/arm-none-eabi/13.3.1/../../../../arm-none-eabi/lib/thumb/v7e-m+dp/hard\libc_nano.a(libc_a-findfp.o)
 .text.__sfp_lock_acquire
                0x0800a074        0xc C:/ST/STM32CubeIDE_1.19.0/STM32CubeIDE/plugins/com.st.stm32cube.ide.mcu.externaltools.gnu-tools-for-stm32.13.3.rel1.win32_1.0.0.202411081344/tools/bin/../lib/gcc/arm-none-eabi/13.3.1/../../../../arm-none-eabi/lib/thumb/v7e-m+dp/hard\libc_nano.a(libc_a-findfp.o)
                0x0800a074                __sfp_lock_acquire
 .text.__sfp_lock_release
                0x0800a080        0xc C:/ST/STM32CubeIDE_1.19.0/STM32CubeIDE/plugins/com.st.stm32cube.ide.mcu.externaltools.gnu-tools-for-stm32.13.3.rel1.win32_1.0.0.202411081344/tools/bin/../lib/gcc/arm-none-eabi/13.3.1/../../../../arm-none-eabi/lib/thumb/v7e-m+dp/hard\libc_nano.a(libc_a-findfp.o)
                0x0800a080                __sfp_lock_release
 .text.__sinit  0x0800a08c       0x30 C:/ST/STM32CubeIDE_1.19.0/STM32CubeIDE/plugins/com.st.stm32cube.ide.mcu.externaltools.gnu-tools-for-stm32.13.3.rel1.win32_1.0.0.202411081344/tools/bin/../lib/gcc/arm-none-eabi/13.3.1/../../../../arm-none-eabi/lib/thumb/v7e-m+dp/hard\libc_nano.a(libc_a-findfp.o)
                0x0800a08c                __sinit
 .text._fwalk_sglue
                0x0800a0bc       0x3c C:/ST/STM32CubeIDE_1.19.0/STM32CubeIDE/plugins/com.st.stm32cube.ide.mcu.externaltools.gnu-tools-for-stm32.13.3.rel1.win32_1.0.0.202411081344/tools/bin/../lib/gcc/arm-none-eabi/13.3.1/../../../../arm-none-eabi/lib/thumb/v7e-m+dp/hard\libc_nano.a(libc_a-fwalk.o)
                0x0800a0bc                _fwalk_sglue
 .text.snprintf
                0x0800a0f8       0x6c C:/ST/STM32CubeIDE_1.19.0/STM32CubeIDE/plugins/com.st.stm32cube.ide.mcu.externaltools.gnu-tools-for-stm32.13.3.rel1.win32_1.0.0.202411081344/tools/bin/../lib/gcc/arm-none-eabi/13.3.1/../../../../arm-none-eabi/lib/thumb/v7e-m+dp/hard\libc_nano.a(libc_a-snprintf.o)
                0x0800a0f8                sniprintf
                0x0800a0f8                snprintf
 .text.__sread  0x0800a164       0x22 C:/ST/STM32CubeIDE_1.19.0/STM32CubeIDE/plugins/com.st.stm32cube.ide.mcu.externaltools.gnu-tools-for-stm32.13.3.rel1.win32_1.0.0.202411081344/tools/bin/../lib/gcc/arm-none-eabi/13.3.1/../../../../arm-none-eabi/lib/thumb/v7e-m+dp/hard\libc_nano.a(libc_a-stdio.o)
                0x0800a164                __sread
 .text.__swrite
                0x0800a186       0x38 C:/ST/STM32CubeIDE_1.19.0/STM32CubeIDE/plugins/com.st.stm32cube.ide.mcu.externaltools.gnu-tools-for-stm32.13.3.rel1.win32_1.0.0.202411081344/tools/bin/../lib/gcc/arm-none-eabi/13.3.1/../../../../arm-none-eabi/lib/thumb/v7e-m+dp/hard\libc_nano.a(libc_a-stdio.o)
                0x0800a186                __swrite
 .text.__sseek  0x0800a1be       0x24 C:/ST/STM32CubeIDE_1.19.0/STM32CubeIDE/plugins/com.st.stm32cube.ide.mcu.externaltools.gnu-tools-for-stm32.13.3.rel1.win32_1.0.0.202411081344/tools/bin/../lib/gcc/arm-none-eabi/13.3.1/../../../../arm-none-eabi/lib/thumb/v7e-m+dp/hard\libc_nano.a(libc_a-stdio.o)
                0x0800a1be                __sseek
 .text.__sclose
                0x0800a1e2        0x8 C:/ST/STM32CubeIDE_1.19.0/STM32CubeIDE/plugins/com.st.stm32cube.ide.mcu.externaltools.gnu-tools-for-stm32.13.3.rel1.win32_1.0.0.202411081344/tools/bin/../lib/gcc/arm-none-eabi/13.3.1/../../../../arm-none-eabi/lib/thumb/v7e-m+dp/hard\libc_nano.a(libc_a-stdio.o)
                0x0800a1e2                __sclose
 .text.memset   0x0800a1ea       0x10 C:/ST/STM32CubeIDE_1.19.0/STM32CubeIDE/plugins/com.st.stm32cube.ide.mcu.externaltools.gnu-tools-for-stm32.13.3.rel1.win32_1.0.0.202411081344/tools/bin/../lib/gcc/arm-none-eabi/13.3.1/../../../../arm-none-eabi/lib/thumb/v7e-m+dp/hard\libc_nano.a(libc_a-memset.o)
                0x0800a1ea                memset
 *fill*         0x0800a1fa        0x2 
 .text._localeconv_r
                0x0800a1fc        0x8 C:/ST/STM32CubeIDE_1.19.0/STM32CubeIDE/plugins/com.st.stm32cube.ide.mcu.externaltools.gnu-tools-for-stm32.13.3.rel1.win32_1.0.0.202411081344/tools/bin/../lib/gcc/arm-none-eabi/13.3.1/../../../../arm-none-eabi/lib/thumb/v7e-m+dp/hard\libc_nano.a(libc_a-localeconv.o)
                0x0800a1fc                _localeconv_r
 .text._close_r
                0x0800a204       0x20 C:/ST/STM32CubeIDE_1.19.0/STM32CubeIDE/plugins/com.st.stm32cube.ide.mcu.externaltools.gnu-tools-for-stm32.13.3.rel1.win32_1.0.0.202411081344/tools/bin/../lib/gcc/arm-none-eabi/13.3.1/../../../../arm-none-eabi/lib/thumb/v7e-m+dp/hard\libc_nano.a(libc_a-closer.o)
                0x0800a204                _close_r
 .text._lseek_r
                0x0800a224       0x24 C:/ST/STM32CubeIDE_1.19.0/STM32CubeIDE/plugins/com.st.stm32cube.ide.mcu.externaltools.gnu-tools-for-stm32.13.3.rel1.win32_1.0.0.202411081344/tools/bin/../lib/gcc/arm-none-eabi/13.3.1/../../../../arm-none-eabi/lib/thumb/v7e-m+dp/hard\libc_nano.a(libc_a-lseekr.o)
                0x0800a224                _lseek_r
 .text._read_r  0x0800a248       0x24 C:/ST/STM32CubeIDE_1.19.0/STM32CubeIDE/plugins/com.st.stm32cube.ide.mcu.externaltools.gnu-tools-for-stm32.13.3.rel1.win32_1.0.0.202411081344/tools/bin/../lib/gcc/arm-none-eabi/13.3.1/../../../../arm-none-eabi/lib/thumb/v7e-m+dp/hard\libc_nano.a(libc_a-readr.o)
                0x0800a248                _read_r
 .text._write_r
                0x0800a26c       0x24 C:/ST/STM32CubeIDE_1.19.0/STM32CubeIDE/plugins/com.st.stm32cube.ide.mcu.externaltools.gnu-tools-for-stm32.13.3.rel1.win32_1.0.0.202411081344/tools/bin/../lib/gcc/arm-none-eabi/13.3.1/../../../../arm-none-eabi/lib/thumb/v7e-m+dp/hard\libc_nano.a(libc_a-writer.o)
                0x0800a26c                _write_r
 .text.__errno  0x0800a290        0xc C:/ST/STM32CubeIDE_1.19.0/STM32CubeIDE/plugins/com.st.stm32cube.ide.mcu.externaltools.gnu-tools-for-stm32.13.3.rel1.win32_1.0.0.202411081344/tools/bin/../lib/gcc/arm-none-eabi/13.3.1/../../../../arm-none-eabi/lib/thumb/v7e-m+dp/hard\libc_nano.a(libc_a-errno.o)
                0x0800a290                __errno
 .text.__libc_init_array
                0x0800a29c       0x48 C:/ST/STM32CubeIDE_1.19.0/STM32CubeIDE/plugins/com.st.stm32cube.ide.mcu.externaltools.gnu-tools-for-stm32.13.3.rel1.win32_1.0.0.202411081344/tools/bin/../lib/gcc/arm-none-eabi/13.3.1/../../../../arm-none-eabi/lib/thumb/v7e-m+dp/hard\libc_nano.a(libc_a-init.o)
                0x0800a29c                __libc_init_array
 .text.__retarget_lock_init_recursive
                0x0800a2e4        0x2 C:/ST/STM32CubeIDE_1.19.0/STM32CubeIDE/plugins/com.st.stm32cube.ide.mcu.externaltools.gnu-tools-for-stm32.13.3.rel1.win32_1.0.0.202411081344/tools/bin/../lib/gcc/arm-none-eabi/13.3.1/../../../../arm-none-eabi/lib/thumb/v7e-m+dp/hard\libc_nano.a(libc_a-lock.o)
                0x0800a2e4                __retarget_lock_init_recursive
 .text.__retarget_lock_acquire_recursive
                0x0800a2e6        0x2 C:/ST/STM32CubeIDE_1.19.0/STM32CubeIDE/plugins/com.st.stm32cube.ide.mcu.externaltools.gnu-tools-for-stm32.13.3.rel1.win32_1.0.0.202411081344/tools/bin/../lib/gcc/arm-none-eabi/13.3.1/../../../../arm-none-eabi/lib/thumb/v7e-m+dp/hard\libc_nano.a(libc_a-lock.o)
                0x0800a2e6                __retarget_lock_acquire_recursive
 .text.__retarget_lock_release_recursive
                0x0800a2e8        0x2 C:/ST/STM32CubeIDE_1.19.0/STM32CubeIDE/plugins/com.st.stm32cube.ide.mcu.externaltools.gnu-tools-for-stm32.13.3.rel1.win32_1.0.0.202411081344/tools/bin/../lib/gcc/arm-none-eabi/13.3.1/../../../../arm-none-eabi/lib/thumb/v7e-m+dp/hard\libc_nano.a(libc_a-lock.o)
                0x0800a2e8                __retarget_lock_release_recursive
 .text.quorem   0x0800a2ea      0x110 C:/ST/STM32CubeIDE_1.19.0/STM32CubeIDE/plugins/com.st.stm32cube.ide.mcu.externaltools.gnu-tools-for-stm32.13.3.rel1.win32_1.0.0.202411081344/tools/bin/../lib/gcc/arm-none-eabi/13.3.1/../../../../arm-none-eabi/lib/thumb/v7e-m+dp/hard\libc_nano.a(libc_a-dtoa.o)
 *fill*         0x0800a3fa        0x6 
 .text._dtoa_r  0x0800a400      0xabc C:/ST/STM32CubeIDE_1.19.0/STM32CubeIDE/plugins/com.st.stm32cube.ide.mcu.externaltools.gnu-tools-for-stm32.13.3.rel1.win32_1.0.0.202411081344/tools/bin/../lib/gcc/arm-none-eabi/13.3.1/../../../../arm-none-eabi/lib/thumb/v7e-m+dp/hard\libc_nano.a(libc_a-dtoa.o)
                0x0800a400                _dtoa_r
 .text._free_r  0x0800aebc       0x94 C:/ST/STM32CubeIDE_1.19.0/STM32CubeIDE/plugins/com.st.stm32cube.ide.mcu.externaltools.gnu-tools-for-stm32.13.3.rel1.win32_1.0.0.202411081344/tools/bin/../lib/gcc/arm-none-eabi/13.3.1/../../../../arm-none-eabi/lib/thumb/v7e-m+dp/hard\libc_nano.a(libc_a-freer.o)
                0x0800aebc                _free_r
 .text.malloc   0x0800af50       0x10 C:/ST/STM32CubeIDE_1.19.0/STM32CubeIDE/plugins/com.st.stm32cube.ide.mcu.externaltools.gnu-tools-for-stm32.13.3.rel1.win32_1.0.0.202411081344/tools/bin/../lib/gcc/arm-none-eabi/13.3.1/../../../../arm-none-eabi/lib/thumb/v7e-m+dp/hard\libc_nano.a(libc_a-malloc.o)
                0x0800af50                malloc
 .text.sbrk_aligned
                0x0800af60       0x44 C:/ST/STM32CubeIDE_1.19.0/STM32CubeIDE/plugins/com.st.stm32cube.ide.mcu.externaltools.gnu-tools-for-stm32.13.3.rel1.win32_1.0.0.202411081344/tools/bin/../lib/gcc/arm-none-eabi/13.3.1/../../../../arm-none-eabi/lib/thumb/v7e-m+dp/hard\libc_nano.a(libc_a-mallocr.o)
 .text._malloc_r
                0x0800afa4      0x100 C:/ST/STM32CubeIDE_1.19.0/STM32CubeIDE/plugins/com.st.stm32cube.ide.mcu.externaltools.gnu-tools-for-stm32.13.3.rel1.win32_1.0.0.202411081344/tools/bin/../lib/gcc/arm-none-eabi/13.3.1/../../../../arm-none-eabi/lib/thumb/v7e-m+dp/hard\libc_nano.a(libc_a-mallocr.o)
                0x0800afa4                _malloc_r
 .text.__malloc_lock
                0x0800b0a4        0xc C:/ST/STM32CubeIDE_1.19.0/STM32CubeIDE/plugins/com.st.stm32cube.ide.mcu.externaltools.gnu-tools-for-stm32.13.3.rel1.win32_1.0.0.202411081344/tools/bin/../lib/gcc/arm-none-eabi/13.3.1/../../../../arm-none-eabi/lib/thumb/v7e-m+dp/hard\libc_nano.a(libc_a-mlock.o)
                0x0800b0a4                __malloc_lock
 .text.__malloc_unlock
                0x0800b0b0        0xc C:/ST/STM32CubeIDE_1.19.0/STM32CubeIDE/plugins/com.st.stm32cube.ide.mcu.externaltools.gnu-tools-for-stm32.13.3.rel1.win32_1.0.0.202411081344/tools/bin/../lib/gcc/arm-none-eabi/13.3.1/../../../../arm-none-eabi/lib/thumb/v7e-m+dp/hard\libc_nano.a(libc_a-mlock.o)
                0x0800b0b0                __malloc_unlock
 .text._Balloc  0x0800b0bc       0x80 C:/ST/STM32CubeIDE_1.19.0/STM32CubeIDE/plugins/com.st.stm32cube.ide.mcu.externaltools.gnu-tools-for-stm32.13.3.rel1.win32_1.0.0.202411081344/tools/bin/../lib/gcc/arm-none-eabi/13.3.1/../../../../arm-none-eabi/lib/thumb/v7e-m+dp/hard\libc_nano.a(libc_a-mprec.o)
                0x0800b0bc                _Balloc
 .text._Bfree   0x0800b13c       0x44 C:/ST/STM32CubeIDE_1.19.0/STM32CubeIDE/plugins/com.st.stm32cube.ide.mcu.externaltools.gnu-tools-for-stm32.13.3.rel1.win32_1.0.0.202411081344/tools/bin/../lib/gcc/arm-none-eabi/13.3.1/../../../../arm-none-eabi/lib/thumb/v7e-m+dp/hard\libc_nano.a(libc_a-mprec.o)
                0x0800b13c                _Bfree
 .text.__multadd
                0x0800b180       0x8c C:/ST/STM32CubeIDE_1.19.0/STM32CubeIDE/plugins/com.st.stm32cube.ide.mcu.externaltools.gnu-tools-for-stm32.13.3.rel1.win32_1.0.0.202411081344/tools/bin/../lib/gcc/arm-none-eabi/13.3.1/../../../../arm-none-eabi/lib/thumb/v7e-m+dp/hard\libc_nano.a(libc_a-mprec.o)
                0x0800b180                __multadd
 .text.__hi0bits
                0x0800b20c       0x3e C:/ST/STM32CubeIDE_1.19.0/STM32CubeIDE/plugins/com.st.stm32cube.ide.mcu.externaltools.gnu-tools-for-stm32.13.3.rel1.win32_1.0.0.202411081344/tools/bin/../lib/gcc/arm-none-eabi/13.3.1/../../../../arm-none-eabi/lib/thumb/v7e-m+dp/hard\libc_nano.a(libc_a-mprec.o)
                0x0800b20c                __hi0bits
 .text.__lo0bits
                0x0800b24a       0x5a C:/ST/STM32CubeIDE_1.19.0/STM32CubeIDE/plugins/com.st.stm32cube.ide.mcu.externaltools.gnu-tools-for-stm32.13.3.rel1.win32_1.0.0.202411081344/tools/bin/../lib/gcc/arm-none-eabi/13.3.1/../../../../arm-none-eabi/lib/thumb/v7e-m+dp/hard\libc_nano.a(libc_a-mprec.o)
                0x0800b24a                __lo0bits
 .text.__i2b    0x0800b2a4       0x2c C:/ST/STM32CubeIDE_1.19.0/STM32CubeIDE/plugins/com.st.stm32cube.ide.mcu.externaltools.gnu-tools-for-stm32.13.3.rel1.win32_1.0.0.202411081344/tools/bin/../lib/gcc/arm-none-eabi/13.3.1/../../../../arm-none-eabi/lib/thumb/v7e-m+dp/hard\libc_nano.a(libc_a-mprec.o)
                0x0800b2a4                __i2b
 .text.__multiply
                0x0800b2d0      0x144 C:/ST/STM32CubeIDE_1.19.0/STM32CubeIDE/plugins/com.st.stm32cube.ide.mcu.externaltools.gnu-tools-for-stm32.13.3.rel1.win32_1.0.0.202411081344/tools/bin/../lib/gcc/arm-none-eabi/13.3.1/../../../../arm-none-eabi/lib/thumb/v7e-m+dp/hard\libc_nano.a(libc_a-mprec.o)
                0x0800b2d0                __multiply
 .text.__pow5mult
                0x0800b414       0xb4 C:/ST/STM32CubeIDE_1.19.0/STM32CubeIDE/plugins/com.st.stm32cube.ide.mcu.externaltools.gnu-tools-for-stm32.13.3.rel1.win32_1.0.0.202411081344/tools/bin/../lib/gcc/arm-none-eabi/13.3.1/../../../../arm-none-eabi/lib/thumb/v7e-m+dp/hard\libc_nano.a(libc_a-mprec.o)
                0x0800b414                __pow5mult
 .text.__lshift
                0x0800b4c8       0xd8 C:/ST/STM32CubeIDE_1.19.0/STM32CubeIDE/plugins/com.st.stm32cube.ide.mcu.externaltools.gnu-tools-for-stm32.13.3.rel1.win32_1.0.0.202411081344/tools/bin/../lib/gcc/arm-none-eabi/13.3.1/../../../../arm-none-eabi/lib/thumb/v7e-m+dp/hard\libc_nano.a(libc_a-mprec.o)
                0x0800b4c8                __lshift
 .text.__mcmp   0x0800b5a0       0x36 C:/ST/STM32CubeIDE_1.19.0/STM32CubeIDE/plugins/com.st.stm32cube.ide.mcu.externaltools.gnu-tools-for-stm32.13.3.rel1.win32_1.0.0.202411081344/tools/bin/../lib/gcc/arm-none-eabi/13.3.1/../../../../arm-none-eabi/lib/thumb/v7e-m+dp/hard\libc_nano.a(libc_a-mprec.o)
                0x0800b5a0                __mcmp
 *fill*         0x0800b5d6        0x2 
 .text.__mdiff  0x0800b5d8      0x128 C:/ST/STM32CubeIDE_1.19.0/STM32CubeIDE/plugins/com.st.stm32cube.ide.mcu.externaltools.gnu-tools-for-stm32.13.3.rel1.win32_1.0.0.202411081344/tools/bin/../lib/gcc/arm-none-eabi/13.3.1/../../../../arm-none-eabi/lib/thumb/v7e-m+dp/hard\libc_nano.a(libc_a-mprec.o)
                0x0800b5d8                __mdiff
 .text.__d2b    0x0800b700       0xb0 C:/ST/STM32CubeIDE_1.19.0/STM32CubeIDE/plugins/com.st.stm32cube.ide.mcu.externaltools.gnu-tools-for-stm32.13.3.rel1.win32_1.0.0.202411081344/tools/bin/../lib/gcc/arm-none-eabi/13.3.1/../../../../arm-none-eabi/lib/thumb/v7e-m+dp/hard\libc_nano.a(libc_a-mprec.o)
                0x0800b700                __d2b
 .text.__ssputs_r
                0x0800b7b0       0xb6 C:/ST/STM32CubeIDE_1.19.0/STM32CubeIDE/plugins/com.st.stm32cube.ide.mcu.externaltools.gnu-tools-for-stm32.13.3.rel1.win32_1.0.0.202411081344/tools/bin/../lib/gcc/arm-none-eabi/13.3.1/../../../../arm-none-eabi/lib/thumb/v7e-m+dp/hard\libc_nano.a(libc_a-nano-svfprintf.o)
                0x0800b7b0                __ssputs_r
 *fill*         0x0800b866        0x2 
 .text._svfprintf_r
                0x0800b868      0x1f8 C:/ST/STM32CubeIDE_1.19.0/STM32CubeIDE/plugins/com.st.stm32cube.ide.mcu.externaltools.gnu-tools-for-stm32.13.3.rel1.win32_1.0.0.202411081344/tools/bin/../lib/gcc/arm-none-eabi/13.3.1/../../../../arm-none-eabi/lib/thumb/v7e-m+dp/hard\libc_nano.a(libc_a-nano-svfprintf.o)
                0x0800b868                _svfiprintf_r
                0x0800b868                _svfprintf_r
 .text.__sflush_r
                0x0800ba60      0x108 C:/ST/STM32CubeIDE_1.19.0/STM32CubeIDE/plugins/com.st.stm32cube.ide.mcu.externaltools.gnu-tools-for-stm32.13.3.rel1.win32_1.0.0.202411081344/tools/bin/../lib/gcc/arm-none-eabi/13.3.1/../../../../arm-none-eabi/lib/thumb/v7e-m+dp/hard\libc_nano.a(libc_a-fflush.o)
                0x0800ba60                __sflush_r
 .text._fflush_r
                0x0800bb68       0x50 C:/ST/STM32CubeIDE_1.19.0/STM32CubeIDE/plugins/com.st.stm32cube.ide.mcu.externaltools.gnu-tools-for-stm32.13.3.rel1.win32_1.0.0.202411081344/tools/bin/../lib/gcc/arm-none-eabi/13.3.1/../../../../arm-none-eabi/lib/thumb/v7e-m+dp/hard\libc_nano.a(libc_a-fflush.o)
                0x0800bb68                _fflush_r
 .text.memmove  0x0800bbb8       0x34 C:/ST/STM32CubeIDE_1.19.0/STM32CubeIDE/plugins/com.st.stm32cube.ide.mcu.externaltools.gnu-tools-for-stm32.13.3.rel1.win32_1.0.0.202411081344/tools/bin/../lib/gcc/arm-none-eabi/13.3.1/../../../../arm-none-eabi/lib/thumb/v7e-m+dp/hard\libc_nano.a(libc_a-memmove.o)
                0x0800bbb8                memmove
 .text._sbrk_r  0x0800bbec       0x20 C:/ST/STM32CubeIDE_1.19.0/STM32CubeIDE/plugins/com.st.stm32cube.ide.mcu.externaltools.gnu-tools-for-stm32.13.3.rel1.win32_1.0.0.202411081344/tools/bin/../lib/gcc/arm-none-eabi/13.3.1/../../../../arm-none-eabi/lib/thumb/v7e-m+dp/hard\libc_nano.a(libc_a-sbrkr.o)
                0x0800bbec                _sbrk_r
 .text.memcpy   0x0800bc0c       0x1c C:/ST/STM32CubeIDE_1.19.0/STM32CubeIDE/plugins/com.st.stm32cube.ide.mcu.externaltools.gnu-tools-for-stm32.13.3.rel1.win32_1.0.0.202411081344/tools/bin/../lib/gcc/arm-none-eabi/13.3.1/../../../../arm-none-eabi/lib/thumb/v7e-m+dp/hard\libc_nano.a(libc_a-memcpy-stub.o)
                0x0800bc0c                memcpy
 .text.__assert_func
                0x0800bc28       0x3c C:/ST/STM32CubeIDE_1.19.0/STM32CubeIDE/plugins/com.st.stm32cube.ide.mcu.externaltools.gnu-tools-for-stm32.13.3.rel1.win32_1.0.0.202411081344/tools/bin/../lib/gcc/arm-none-eabi/13.3.1/../../../../arm-none-eabi/lib/thumb/v7e-m+dp/hard\libc_nano.a(libc_a-assert.o)
                0x0800bc28                __assert_func
 .text._calloc_r
                0x0800bc64       0x28 C:/ST/STM32CubeIDE_1.19.0/STM32CubeIDE/plugins/com.st.stm32cube.ide.mcu.externaltools.gnu-tools-for-stm32.13.3.rel1.win32_1.0.0.202411081344/tools/bin/../lib/gcc/arm-none-eabi/13.3.1/../../../../arm-none-eabi/lib/thumb/v7e-m+dp/hard\libc_nano.a(libc_a-callocr.o)
                0x0800bc64                _calloc_r
 .text.__ascii_mbtowc
                0x0800bc8c       0x24 C:/ST/STM32CubeIDE_1.19.0/STM32CubeIDE/plugins/com.st.stm32cube.ide.mcu.externaltools.gnu-tools-for-stm32.13.3.rel1.win32_1.0.0.202411081344/tools/bin/../lib/gcc/arm-none-eabi/13.3.1/../../../../arm-none-eabi/lib/thumb/v7e-m+dp/hard\libc_nano.a(libc_a-mbtowc_r.o)
                0x0800bc8c                __ascii_mbtowc
 .text._realloc_r
                0x0800bcb0       0x5c C:/ST/STM32CubeIDE_1.19.0/STM32CubeIDE/plugins/com.st.stm32cube.ide.mcu.externaltools.gnu-tools-for-stm32.13.3.rel1.win32_1.0.0.202411081344/tools/bin/../lib/gcc/arm-none-eabi/13.3.1/../../../../arm-none-eabi/lib/thumb/v7e-m+dp/hard\libc_nano.a(libc_a-reallocr.o)
                0x0800bcb0                _realloc_r
 .text.__ascii_wctomb
                0x0800bd0c       0x1a C:/ST/STM32CubeIDE_1.19.0/STM32CubeIDE/plugins/com.st.stm32cube.ide.mcu.externaltools.gnu-tools-for-stm32.13.3.rel1.win32_1.0.0.202411081344/tools/bin/../lib/gcc/arm-none-eabi/13.3.1/../../../../arm-none-eabi/lib/thumb/v7e-m+dp/hard\libc_nano.a(libc_a-wctomb_r.o)
                0x0800bd0c                __ascii_wctomb
 *fill*         0x0800bd26        0x2 
 .text.fprintf  0x0800bd28       0x24 C:/ST/STM32CubeIDE_1.19.0/STM32CubeIDE/plugins/com.st.stm32cube.ide.mcu.externaltools.gnu-tools-for-stm32.13.3.rel1.win32_1.0.0.202411081344/tools/bin/../lib/gcc/arm-none-eabi/13.3.1/../../../../arm-none-eabi/lib/thumb/v7e-m+dp/hard\libc_nano.a(libc_a-fprintf.o)
                0x0800bd28                fiprintf
                0x0800bd28                fprintf
 .text.abort    0x0800bd4c        0xe C:/ST/STM32CubeIDE_1.19.0/STM32CubeIDE/plugins/com.st.stm32cube.ide.mcu.externaltools.gnu-tools-for-stm32.13.3.rel1.win32_1.0.0.202411081344/tools/bin/../lib/gcc/arm-none-eabi/13.3.1/../../../../arm-none-eabi/lib/thumb/v7e-m+dp/hard\libc_nano.a(libc_a-abort.o)
                0x0800bd4c                abort
 .text._malloc_usable_size_r
                0x0800bd5a       0x10 C:/ST/STM32CubeIDE_1.19.0/STM32CubeIDE/plugins/com.st.stm32cube.ide.mcu.externaltools.gnu-tools-for-stm32.13.3.rel1.win32_1.0.0.202411081344/tools/bin/../lib/gcc/arm-none-eabi/13.3.1/../../../../arm-none-eabi/lib/thumb/v7e-m+dp/hard\libc_nano.a(libc_a-msizer.o)
                0x0800bd5a                _malloc_usable_size_r
 .text.__sfputc_r
                0x0800bd6a       0x2e C:/ST/STM32CubeIDE_1.19.0/STM32CubeIDE/plugins/com.st.stm32cube.ide.mcu.externaltools.gnu-tools-for-stm32.13.3.rel1.win32_1.0.0.202411081344/tools/bin/../lib/gcc/arm-none-eabi/13.3.1/../../../../arm-none-eabi/lib/thumb/v7e-m+dp/hard\libc_nano.a(libc_a-nano-vfprintf.o)
 .text.__sfputs_r
                0x0800bd98       0x24 C:/ST/STM32CubeIDE_1.19.0/STM32CubeIDE/plugins/com.st.stm32cube.ide.mcu.externaltools.gnu-tools-for-stm32.13.3.rel1.win32_1.0.0.202411081344/tools/bin/../lib/gcc/arm-none-eabi/13.3.1/../../../../arm-none-eabi/lib/thumb/v7e-m+dp/hard\libc_nano.a(libc_a-nano-vfprintf.o)
                0x0800bd98                __sfputs_r
 .text._vfprintf_r
                0x0800bdbc      0x230 C:/ST/STM32CubeIDE_1.19.0/STM32CubeIDE/plugins/com.st.stm32cube.ide.mcu.externaltools.gnu-tools-for-stm32.13.3.rel1.win32_1.0.0.202411081344/tools/bin/../lib/gcc/arm-none-eabi/13.3.1/../../../../arm-none-eabi/lib/thumb/v7e-m+dp/hard\libc_nano.a(libc_a-nano-vfprintf.o)
                0x0800bdbc                _vfprintf_r
                0x0800bdbc                _vfiprintf_r
 .text.__swbuf_r
                0x0800bfec       0x7c C:/ST/STM32CubeIDE_1.19.0/STM32CubeIDE/plugins/com.st.stm32cube.ide.mcu.externaltools.gnu-tools-for-stm32.13.3.rel1.win32_1.0.0.202411081344/tools/bin/../lib/gcc/arm-none-eabi/13.3.1/../../../../arm-none-eabi/lib/thumb/v7e-m+dp/hard\libc_nano.a(libc_a-wbuf.o)
                0x0800bfec                __swbuf_r
 .text.__swsetup_r
                0x0800c068       0xac C:/ST/STM32CubeIDE_1.19.0/STM32CubeIDE/plugins/com.st.stm32cube.ide.mcu.externaltools.gnu-tools-for-stm32.13.3.rel1.win32_1.0.0.202411081344/tools/bin/../lib/gcc/arm-none-eabi/13.3.1/../../../../arm-none-eabi/lib/thumb/v7e-m+dp/hard\libc_nano.a(libc_a-wsetup.o)
                0x0800c068                __swsetup_r
 .text._raise_r
                0x0800c114       0x50 C:/ST/STM32CubeIDE_1.19.0/STM32CubeIDE/plugins/com.st.stm32cube.ide.mcu.externaltools.gnu-tools-for-stm32.13.3.rel1.win32_1.0.0.202411081344/tools/bin/../lib/gcc/arm-none-eabi/13.3.1/../../../../arm-none-eabi/lib/thumb/v7e-m+dp/hard\libc_nano.a(libc_a-signal.o)
                0x0800c114                _raise_r
 .text.raise    0x0800c164       0x10 C:/ST/STM32CubeIDE_1.19.0/STM32CubeIDE/plugins/com.st.stm32cube.ide.mcu.externaltools.gnu-tools-for-stm32.13.3.rel1.win32_1.0.0.202411081344/tools/bin/../lib/gcc/arm-none-eabi/13.3.1/../../../../arm-none-eabi/lib/thumb/v7e-m+dp/hard\libc_nano.a(libc_a-signal.o)
                0x0800c164                raise
 .text._kill_r  0x0800c174       0x24 C:/ST/STM32CubeIDE_1.19.0/STM32CubeIDE/plugins/com.st.stm32cube.ide.mcu.externaltools.gnu-tools-for-stm32.13.3.rel1.win32_1.0.0.202411081344/tools/bin/../lib/gcc/arm-none-eabi/13.3.1/../../../../arm-none-eabi/lib/thumb/v7e-m+dp/hard\libc_nano.a(libc_a-signalr.o)
                0x0800c174                _kill_r
 .text._getpid_r
                0x0800c198        0x4 C:/ST/STM32CubeIDE_1.19.0/STM32CubeIDE/plugins/com.st.stm32cube.ide.mcu.externaltools.gnu-tools-for-stm32.13.3.rel1.win32_1.0.0.202411081344/tools/bin/../lib/gcc/arm-none-eabi/13.3.1/../../../../arm-none-eabi/lib/thumb/v7e-m+dp/hard\libc_nano.a(libc_a-signalr.o)
                0x0800c198                _getpid_r
 .text.__swhatbuf_r
                0x0800c19c       0x4c C:/ST/STM32CubeIDE_1.19.0/STM32CubeIDE/plugins/com.st.stm32cube.ide.mcu.externaltools.gnu-tools-for-stm32.13.3.rel1.win32_1.0.0.202411081344/tools/bin/../lib/gcc/arm-none-eabi/13.3.1/../../../../arm-none-eabi/lib/thumb/v7e-m+dp/hard\libc_nano.a(libc_a-makebuf.o)
                0x0800c19c                __swhatbuf_r
 .text.__smakebuf_r
                0x0800c1e8       0x78 C:/ST/STM32CubeIDE_1.19.0/STM32CubeIDE/plugins/com.st.stm32cube.ide.mcu.externaltools.gnu-tools-for-stm32.13.3.rel1.win32_1.0.0.202411081344/tools/bin/../lib/gcc/arm-none-eabi/13.3.1/../../../../arm-none-eabi/lib/thumb/v7e-m+dp/hard\libc_nano.a(libc_a-makebuf.o)
                0x0800c1e8                __smakebuf_r
 .text._fstat_r
                0x0800c260       0x24 C:/ST/STM32CubeIDE_1.19.0/STM32CubeIDE/plugins/com.st.stm32cube.ide.mcu.externaltools.gnu-tools-for-stm32.13.3.rel1.win32_1.0.0.202411081344/tools/bin/../lib/gcc/arm-none-eabi/13.3.1/../../../../arm-none-eabi/lib/thumb/v7e-m+dp/hard\libc_nano.a(libc_a-fstatr.o)
                0x0800c260                _fstat_r
 .text._isatty_r
                0x0800c284       0x20 C:/ST/STM32CubeIDE_1.19.0/STM32CubeIDE/plugins/com.st.stm32cube.ide.mcu.externaltools.gnu-tools-for-stm32.13.3.rel1.win32_1.0.0.202411081344/tools/bin/../lib/gcc/arm-none-eabi/13.3.1/../../../../arm-none-eabi/lib/thumb/v7e-m+dp/hard\libc_nano.a(libc_a-isattyr.o)
                0x0800c284                _isatty_r
 *(.glue_7)
 .glue_7        0x0800c2a4        0x0 linker stubs
 *(.glue_7t)
 .glue_7t       0x0800c2a4        0x0 linker stubs
 *(.eh_frame)
 .eh_frame      0x0800c2a4        0x0 C:/ST/STM32CubeIDE_1.19.0/STM32CubeIDE/plugins/com.st.stm32cube.ide.mcu.externaltools.gnu-tools-for-stm32.13.3.rel1.win32_1.0.0.202411081344/tools/bin/../lib/gcc/arm-none-eabi/13.3.1/thumb/v7e-m+dp/hard/crtbegin.o
 *(.init)
 .init          0x0800c2a4        0x4 C:/ST/STM32CubeIDE_1.19.0/STM32CubeIDE/plugins/com.st.stm32cube.ide.mcu.externaltools.gnu-tools-for-stm32.13.3.rel1.win32_1.0.0.202411081344/tools/bin/../lib/gcc/arm-none-eabi/13.3.1/thumb/v7e-m+dp/hard/crti.o
                0x0800c2a4                _init
 .init          0x0800c2a8        0x8 C:/ST/STM32CubeIDE_1.19.0/STM32CubeIDE/plugins/com.st.stm32cube.ide.mcu.externaltools.gnu-tools-for-stm32.13.3.rel1.win32_1.0.0.202411081344/tools/bin/../lib/gcc/arm-none-eabi/13.3.1/thumb/v7e-m+dp/hard/crtn.o
 *(.fini)
 .fini          0x0800c2b0        0x4 C:/ST/STM32CubeIDE_1.19.0/STM32CubeIDE/plugins/com.st.stm32cube.ide.mcu.externaltools.gnu-tools-for-stm32.13.3.rel1.win32_1.0.0.202411081344/tools/bin/../lib/gcc/arm-none-eabi/13.3.1/thumb/v7e-m+dp/hard/crti.o
                0x0800c2b0                _fini
 .fini          0x0800c2b4        0x8 C:/ST/STM32CubeIDE_1.19.0/STM32CubeIDE/plugins/com.st.stm32cube.ide.mcu.externaltools.gnu-tools-for-stm32.13.3.rel1.win32_1.0.0.202411081344/tools/bin/../lib/gcc/arm-none-eabi/13.3.1/thumb/v7e-m+dp/hard/crtn.o
                0x0800c2bc                        . = ALIGN (0x4)
                0x0800c2bc                        _etext = .

.vfp11_veneer   0x0800c2bc        0x0
 .vfp11_veneer  0x0800c2bc        0x0 linker stubs

.v4_bx          0x0800c2bc        0x0
 .v4_bx         0x0800c2bc        0x0 linker stubs

.iplt           0x0800c2bc        0x0
 .iplt          0x0800c2bc        0x0 C:/ST/STM32CubeIDE_1.19.0/STM32CubeIDE/plugins/com.st.stm32cube.ide.mcu.externaltools.gnu-tools-for-stm32.13.3.rel1.win32_1.0.0.202411081344/tools/bin/../lib/gcc/arm-none-eabi/13.3.1/thumb/v7e-m+dp/hard/crtbegin.o

.rodata         0x0800c2c0   0x155114
                0x0800c2c0                        . = ALIGN (0x4)
 *(.rodata)
 .rodata        0x0800c2c0      0x1b9 ./Core/Src/main.o
 *fill*         0x0800c479        0x3 
 .rodata        0x0800c47c       0x33 ./Core/Src/ui_manager.o
 *(.rodata*)
 *fill*         0x0800c4af        0x1 
 .rodata.idle1  0x0800c4b0     0xfd20 ./Core/Src/pet_sprites.o
                0x0800c4b0                idle1
 .rodata.idle2  0x0801c1d0     0xfd20 ./Core/Src/pet_sprites.o
                0x0801c1d0                idle2
 .rodata.idle3  0x0802bef0     0xfd20 ./Core/Src/pet_sprites.o
                0x0802bef0                idle3
 .rodata.idle4  0x0803bc10     0xfd20 ./Core/Src/pet_sprites.o
                0x0803bc10                idle4
 .rodata.menuBar
                0x0804b930     0x6900 ./Core/Src/pet_sprites.o
                0x0804b930                menuBar
 .rodata.sleep_day1
                0x08052230     0xfd20 ./Core/Src/pet_sprites.o
                0x08052230                sleep_day1
 .rodata.sleep_day2
                0x08061f50     0xfd20 ./Core/Src/pet_sprites.o
                0x08061f50                sleep_day2
 .rodata.sleep_night1
                0x08071c70     0xfd20 ./Core/Src/pet_sprites.o
                0x08071c70                sleep_night1
 .rodata.sleep_night2
                0x08081990     0xfd20 ./Core/Src/pet_sprites.o
                0x08081990                sleep_night2
 .rodata.feedSnack1
                0x080916b0     0xfd20 ./Core/Src/pet_sprites.o
                0x080916b0                feedSnack1
 .rodata.feedSnack2
                0x080a13d0     0xfd20 ./Core/Src/pet_sprites.o
                0x080a13d0                feedSnack2
 .rodata.feedMeal1
                0x080b10f0     0xfd20 ./Core/Src/pet_sprites.o
                0x080b10f0                feedMeal1
 .rodata.feedMeal2
                0x080c0e10     0xfd20 ./Core/Src/pet_sprites.o
                0x080c0e10                feedMeal2
 .rodata.playGame1
                0x080d0b30     0xfd20 ./Core/Src/pet_sprites.o
                0x080d0b30                playGame1
 .rodata.wrongAnswer1
                0x080e0850     0xfd20 ./Core/Src/pet_sprites.o
                0x080e0850                wrongAnswer1
 .rodata.correctAnswer1
                0x080f0570     0xfd20 ./Core/Src/pet_sprites.o
                0x080f0570                correctAnswer1
 .rodata.medicine1
                0x08100290     0xfd20 ./Core/Src/pet_sprites.o
                0x08100290                medicine1
 .rodata.shower1
                0x0810ffb0     0xfd20 ./Core/Src/pet_sprites.o
                0x0810ffb0                shower1
 .rodata.stubborn1
                0x0811fcd0     0xfd20 ./Core/Src/pet_sprites.o
                0x0811fcd0                stubborn1
 .rodata.sickness1
                0x0812f9f0     0xfd20 ./Core/Src/pet_sprites.o
                0x0812f9f0                sickness1
 .rodata.win1   0x0813f710     0xfd20 ./Core/Src/pet_sprites.o
                0x0813f710                win1
 .rodata.lose1  0x0814f430     0xfd20 ./Core/Src/pet_sprites.o
                0x0814f430                lose1
 .rodata.selectState1
                0x0815f150      0x21c ./Core/Src/pet_sprites.o
                0x0815f150                selectState1
 .rodata.heart1
                0x0815f36c      0xc80 ./Core/Src/pet_sprites.o
                0x0815f36c                heart1
 .rodata.hunger1
                0x0815ffec      0xc80 ./Core/Src/pet_sprites.o
                0x0815ffec                hunger1
 .rodata.sound_beep
                0x08160c6c        0x8 ./Core/Src/sound.o
                0x08160c6c                sound_beep
 .rodata.sound_lose
                0x08160c74       0x18 ./Core/Src/sound.o
                0x08160c74                sound_lose
 .rodata.sound_win
                0x08160c8c       0x18 ./Core/Src/sound.o
                0x08160c8c                sound_win
 .rodata.sound_happy
                0x08160ca4       0x30 ./Core/Src/sound.o
                0x08160ca4                sound_happy
 .rodata.sound_sad
                0x08160cd4       0x30 ./Core/Src/sound.o
                0x08160cd4                sound_sad
 .rodata.sound_stubborn
                0x08160d04       0x28 ./Core/Src/sound.o
                0x08160d04                sound_stubborn
 .rodata.sound_sick
                0x08160d2c       0x38 ./Core/Src/sound.o
                0x08160d2c                sound_sick
 .rodata.sound_eat
                0x08160d64       0x20 ./Core/Src/sound.o
                0x08160d64                sound_eat
 .rodata.sound_evolution
                0x08160d84       0x28 ./Core/Src/sound.o
                0x08160d84                sound_evolution
 .rodata.sound_game_win
                0x08160dac       0x30 ./Core/Src/sound.o
                0x08160dac                sound_game_win
 .rodata.sound_game_lose
                0x08160ddc       0x20 ./Core/Src/sound.o
                0x08160ddc                sound_game_lose
 .rodata.AHBPrescTable
                0x08160dfc       0x10 ./Core/Src/system_stm32f7xx.o
                0x08160dfc                AHBPrescTable
 .rodata.APBPrescTable
                0x08160e0c        0x8 ./Core/Src/system_stm32f7xx.o
                0x08160e0c                APBPrescTable
 .rodata.font   0x08160e14      0x240 ./Drivers/ILI9341/ILI9341_GFX.o
 .rodata.flagBitshiftOffset.0
                0x08161054        0x8 ./Drivers/STM32F7xx_HAL_Driver/Src/stm32f7xx_hal_dma.o
 .rodata._printf_float.str1.1
                0x0816105c      0x171 C:/ST/STM32CubeIDE_1.19.0/STM32CubeIDE/plugins/com.st.stm32cube.ide.mcu.externaltools.gnu-tools-for-stm32.13.3.rel1.win32_1.0.0.202411081344/tools/bin/../lib/gcc/arm-none-eabi/13.3.1/../../../../arm-none-eabi/lib/thumb/v7e-m+dp/hard\libc_nano.a(libc_a-nano-vfprintf_float.o)
                                 0x12 (size before relaxing)
 .rodata._printf_i.str1.1
                0x081611cd       0x22 C:/ST/STM32CubeIDE_1.19.0/STM32CubeIDE/plugins/com.st.stm32cube.ide.mcu.externaltools.gnu-tools-for-stm32.13.3.rel1.win32_1.0.0.202411081344/tools/bin/../lib/gcc/arm-none-eabi/13.3.1/../../../../arm-none-eabi/lib/thumb/v7e-m+dp/hard\libc_nano.a(libc_a-nano-vfprintf_i.o)
 .rodata._dtoa_r.str1.1
                0x081611cd       0x8f C:/ST/STM32CubeIDE_1.19.0/STM32CubeIDE/plugins/com.st.stm32cube.ide.mcu.externaltools.gnu-tools-for-stm32.13.3.rel1.win32_1.0.0.202411081344/tools/bin/../lib/gcc/arm-none-eabi/13.3.1/../../../../arm-none-eabi/lib/thumb/v7e-m+dp/hard\libc_nano.a(libc_a-dtoa.o)
 .rodata._Balloc.str1.1
                0x081611cd       0x70 C:/ST/STM32CubeIDE_1.19.0/STM32CubeIDE/plugins/com.st.stm32cube.ide.mcu.externaltools.gnu-tools-for-stm32.13.3.rel1.win32_1.0.0.202411081344/tools/bin/../lib/gcc/arm-none-eabi/13.3.1/../../../../arm-none-eabi/lib/thumb/v7e-m+dp/hard\libc_nano.a(libc_a-mprec.o)
 .rodata.__multadd.str1.1
                0x081611cd       0x11 C:/ST/STM32CubeIDE_1.19.0/STM32CubeIDE/plugins/com.st.stm32cube.ide.mcu.externaltools.gnu-tools-for-stm32.13.3.rel1.win32_1.0.0.202411081344/tools/bin/../lib/gcc/arm-none-eabi/13.3.1/../../../../arm-none-eabi/lib/thumb/v7e-m+dp/hard\libc_nano.a(libc_a-mprec.o)
 *fill*         0x081611cd        0x3 
 .rodata.p05.0  0x081611d0        0xc C:/ST/STM32CubeIDE_1.19.0/STM32CubeIDE/plugins/com.st.stm32cube.ide.mcu.externaltools.gnu-tools-for-stm32.13.3.rel1.win32_1.0.0.202411081344/tools/bin/../lib/gcc/arm-none-eabi/13.3.1/../../../../arm-none-eabi/lib/thumb/v7e-m+dp/hard\libc_nano.a(libc_a-mprec.o)
 *fill*         0x081611dc        0x4 
 .rodata.__mprec_bigtens
                0x081611e0       0x28 C:/ST/STM32CubeIDE_1.19.0/STM32CubeIDE/plugins/com.st.stm32cube.ide.mcu.externaltools.gnu-tools-for-stm32.13.3.rel1.win32_1.0.0.202411081344/tools/bin/../lib/gcc/arm-none-eabi/13.3.1/../../../../arm-none-eabi/lib/thumb/v7e-m+dp/hard\libc_nano.a(libc_a-mprec.o)
                0x081611e0                __mprec_bigtens
 .rodata.__mprec_tens
                0x08161208       0xc8 C:/ST/STM32CubeIDE_1.19.0/STM32CubeIDE/plugins/com.st.stm32cube.ide.mcu.externaltools.gnu-tools-for-stm32.13.3.rel1.win32_1.0.0.202411081344/tools/bin/../lib/gcc/arm-none-eabi/13.3.1/../../../../arm-none-eabi/lib/thumb/v7e-m+dp/hard\libc_nano.a(libc_a-mprec.o)
                0x08161208                __mprec_tens
 .rodata._svfprintf_r.str1.1
                0x081612d0       0x11 C:/ST/STM32CubeIDE_1.19.0/STM32CubeIDE/plugins/com.st.stm32cube.ide.mcu.externaltools.gnu-tools-for-stm32.13.3.rel1.win32_1.0.0.202411081344/tools/bin/../lib/gcc/arm-none-eabi/13.3.1/../../../../arm-none-eabi/lib/thumb/v7e-m+dp/hard\libc_nano.a(libc_a-nano-svfprintf.o)
 .rodata._setlocale_r.str1.1
                0x081612d0        0x9 C:/ST/STM32CubeIDE_1.19.0/STM32CubeIDE/plugins/com.st.stm32cube.ide.mcu.externaltools.gnu-tools-for-stm32.13.3.rel1.win32_1.0.0.202411081344/tools/bin/../lib/gcc/arm-none-eabi/13.3.1/../../../../arm-none-eabi/lib/thumb/v7e-m+dp/hard\libc_nano.a(libc_a-locale.o)
 .rodata.str1.1
                0x081612d0        0x2 C:/ST/STM32CubeIDE_1.19.0/STM32CubeIDE/plugins/com.st.stm32cube.ide.mcu.externaltools.gnu-tools-for-stm32.13.3.rel1.win32_1.0.0.202411081344/tools/bin/../lib/gcc/arm-none-eabi/13.3.1/../../../../arm-none-eabi/lib/thumb/v7e-m+dp/hard\libc_nano.a(libc_a-locale.o)
 .rodata.__assert_func.str1.1
                0x081612d0       0x3d C:/ST/STM32CubeIDE_1.19.0/STM32CubeIDE/plugins/com.st.stm32cube.ide.mcu.externaltools.gnu-tools-for-stm32.13.3.rel1.win32_1.0.0.202411081344/tools/bin/../lib/gcc/arm-none-eabi/13.3.1/../../../../arm-none-eabi/lib/thumb/v7e-m+dp/hard\libc_nano.a(libc_a-assert.o)
 .rodata._ctype_
                0x081612d0      0x101 C:/ST/STM32CubeIDE_1.19.0/STM32CubeIDE/plugins/com.st.stm32cube.ide.mcu.externaltools.gnu-tools-for-stm32.13.3.rel1.win32_1.0.0.202411081344/tools/bin/../lib/gcc/arm-none-eabi/13.3.1/../../../../arm-none-eabi/lib/thumb/v7e-m+dp/hard\libc_nano.a(libc_a-ctype_.o)
                0x081612d0                _ctype_
 .rodata._vfprintf_r.str1.1
                0x081613d1       0x11 C:/ST/STM32CubeIDE_1.19.0/STM32CubeIDE/plugins/com.st.stm32cube.ide.mcu.externaltools.gnu-tools-for-stm32.13.3.rel1.win32_1.0.0.202411081344/tools/bin/../lib/gcc/arm-none-eabi/13.3.1/../../../../arm-none-eabi/lib/thumb/v7e-m+dp/hard\libc_nano.a(libc_a-nano-vfprintf.o)
                0x081613e4                        . = ALIGN (0x4)
 *fill*         0x081613d1        0x3 

.ARM.extab      0x081613d4        0x0
                0x081613d4                        . = ALIGN (0x4)
 *(.ARM.extab* .gnu.linkonce.armextab.*)
                0x081613d4                        . = ALIGN (0x4)

.ARM            0x081613d4        0x8
                0x081613d4                        . = ALIGN (0x4)
                0x081613d4                        __exidx_start = .
 *(.ARM.exidx*)
 .ARM.exidx     0x081613d4        0x8 C:/ST/STM32CubeIDE_1.19.0/STM32CubeIDE/plugins/com.st.stm32cube.ide.mcu.externaltools.gnu-tools-for-stm32.13.3.rel1.win32_1.0.0.202411081344/tools/bin/../lib/gcc/arm-none-eabi/13.3.1/../../../../arm-none-eabi/lib/thumb/v7e-m+dp/hard\libc_nano.a(libc_a-memchr.o)
 .ARM.exidx     0x081613dc        0x0 C:/ST/STM32CubeIDE_1.19.0/STM32CubeIDE/plugins/com.st.stm32cube.ide.mcu.externaltools.gnu-tools-for-stm32.13.3.rel1.win32_1.0.0.202411081344/tools/bin/../lib/gcc/arm-none-eabi/13.3.1/../../../../arm-none-eabi/lib/thumb/v7e-m+dp/hard\libc_nano.a(libc_a-strlen.o)
                                  0x8 (size before relaxing)
 .ARM.exidx     0x081613dc        0x0 C:/ST/STM32CubeIDE_1.19.0/STM32CubeIDE/plugins/com.st.stm32cube.ide.mcu.externaltools.gnu-tools-for-stm32.13.3.rel1.win32_1.0.0.202411081344/tools/bin/../lib/gcc/arm-none-eabi/13.3.1/thumb/v7e-m+dp/hard\libgcc.a(_udivmoddi4.o)
                                  0x8 (size before relaxing)
                0x081613dc                        __exidx_end = .
                0x081613dc                        . = ALIGN (0x4)

.rel.dyn        0x081613dc        0x0
 .rel.iplt      0x081613dc        0x0 C:/ST/STM32CubeIDE_1.19.0/STM32CubeIDE/plugins/com.st.stm32cube.ide.mcu.externaltools.gnu-tools-for-stm32.13.3.rel1.win32_1.0.0.202411081344/tools/bin/../lib/gcc/arm-none-eabi/13.3.1/thumb/v7e-m+dp/hard/crtbegin.o

.preinit_array  0x081613dc        0x0
                0x081613dc                        . = ALIGN (0x4)
                0x081613dc                        PROVIDE (__preinit_array_start = .)
 *(.preinit_array*)
                0x081613dc                        PROVIDE (__preinit_array_end = .)
                0x081613dc                        . = ALIGN (0x4)

.init_array     0x081613dc        0x4
                0x081613dc                        . = ALIGN (0x4)
                0x081613dc                        PROVIDE (__init_array_start = .)
 *(SORT_BY_NAME(.init_array.*))
 *(.init_array*)
 .init_array    0x081613dc        0x4 C:/ST/STM32CubeIDE_1.19.0/STM32CubeIDE/plugins/com.st.stm32cube.ide.mcu.externaltools.gnu-tools-for-stm32.13.3.rel1.win32_1.0.0.202411081344/tools/bin/../lib/gcc/arm-none-eabi/13.3.1/thumb/v7e-m+dp/hard/crtbegin.o
                0x081613e0                        PROVIDE (__init_array_end = .)
                0x081613e0                        . = ALIGN (0x4)

.fini_array     0x081613e0        0x4
                0x081613e0                        . = ALIGN (0x4)
                [!provide]                        PROVIDE (__fini_array_start = .)
 *(SORT_BY_NAME(.fini_array.*))
 *(.fini_array*)
 .fini_array    0x081613e0        0x4 C:/ST/STM32CubeIDE_1.19.0/STM32CubeIDE/plugins/com.st.stm32cube.ide.mcu.externaltools.gnu-tools-for-stm32.13.3.rel1.win32_1.0.0.202411081344/tools/bin/../lib/gcc/arm-none-eabi/13.3.1/thumb/v7e-m+dp/hard/crtbegin.o
                [!provide]                        PROVIDE (__fini_array_end = .)
                0x081613e4                        . = ALIGN (0x4)
                0x081613e4                        _sidata = LOADADDR (.data)

.data           0x20000000      0x23c load address 0x081613e4
                0x20000000                        . = ALIGN (0x4)
                0x20000000                        _sdata = .
 *(.data)
 *(.data*)
 .data.SystemCoreClock
                0x20000000        0x4 ./Core/Src/system_stm32f7xx.o
                0x20000000                SystemCoreClock
 .data.idleFrames.17
                0x20000004       0x10 ./Core/Src/ui_manager.o
 .data.sleepFramesDay.16
                0x20000014        0x8 ./Core/Src/ui_manager.o
 .data.sleepFramesNight.15
                0x2000001c        0x8 ./Core/Src/ui_manager.o
 .data.feedSnackFrames.14
                0x20000024        0x8 ./Core/Src/ui_manager.o
 .data.feedMealFrames.13
                0x2000002c        0x8 ./Core/Src/ui_manager.o
 .data.medicineFrames.12
                0x20000034        0x4 ./Core/Src/ui_manager.o
 .data.cleanFrames.11
                0x20000038        0x4 ./Core/Src/ui_manager.o
 .data.winFrames.10
                0x2000003c        0x4 ./Core/Src/ui_manager.o
 .data.loseFrames.9
                0x20000040        0x4 ./Core/Src/ui_manager.o
 .data.miniGameCorrectFrames.8
                0x20000044        0x4 ./Core/Src/ui_manager.o
 .data.miniGameWrongFrames.7
                0x20000048        0x4 ./Core/Src/ui_manager.o
 .data.sickFrames.6
                0x2000004c        0x4 ./Core/Src/ui_manager.o
 .data.stubbornFrames.5
                0x20000050        0x4 ./Core/Src/ui_manager.o
 .data.playGameFrames.4
                0x20000054        0x4 ./Core/Src/ui_manager.o
 .data.selectStateFrames.3
                0x20000058        0x4 ./Core/Src/ui_manager.o
 .data.menuBarFrame.2
                0x2000005c        0x4 ./Core/Src/ui_manager.o
 .data.heartFrames.1
                0x20000060        0x4 ./Core/Src/ui_manager.o
 .data.hungerFrames.0
                0x20000064        0x4 ./Core/Src/ui_manager.o
 .data.LCD_HEIGHT
                0x20000068        0x2 ./Drivers/ILI9341/ILI9341_STM32_Driver.o
                0x20000068                LCD_HEIGHT
 .data.LCD_WIDTH
                0x2000006a        0x2 ./Drivers/ILI9341/ILI9341_STM32_Driver.o
                0x2000006a                LCD_WIDTH
 .data.uwTickPrio
                0x2000006c        0x4 ./Drivers/STM32F7xx_HAL_Driver/Src/stm32f7xx_hal.o
                0x2000006c                uwTickPrio
 .data.uwTickFreq
                0x20000070        0x1 ./Drivers/STM32F7xx_HAL_Driver/Src/stm32f7xx_hal.o
                0x20000070                uwTickFreq
 *fill*         0x20000071        0x3 
 .data.__sglue  0x20000074        0xc C:/ST/STM32CubeIDE_1.19.0/STM32CubeIDE/plugins/com.st.stm32cube.ide.mcu.externaltools.gnu-tools-for-stm32.13.3.rel1.win32_1.0.0.202411081344/tools/bin/../lib/gcc/arm-none-eabi/13.3.1/../../../../arm-none-eabi/lib/thumb/v7e-m+dp/hard\libc_nano.a(libc_a-findfp.o)
                0x20000074                __sglue
 .data._impure_ptr