../Drivers/CMSIS/Include/core_cm7.h:2229:22:SCB_EnableICache	4	static,ignoring_inline_asm
../Drivers/CMSIS/Include/core_cm7.h:2281:22:SCB_EnableDCache	24	static,ignoring_inline_asm
../Core/Src/main.c:103:13:print_adc_line	208	static
../Core/Src/main.c:127:6:printValue	64	static
../Core/Src/main.c:137:6:HAL_ADC_ConvCpltCallback	24	static
../Core/Src/main.c:155:5:main	8	static
../Core/Src/main.c:280:6:SystemClock_Config	88	static
../Core/Src/main.c:334:6:HAL_TIM_PeriodElapsedCallback	24	static
../Core/Src/main.c:384:6:Error_Handler	4	static
