../Core/Src/moodeng.c:39:6:Moodeng_Init	16	static
../Core/Src/moodeng.c:51:6:Moodeng_LoadFlashData	16	static
../Core/Src/moodeng.c:76:6:Moodeng_Reset	16	static
../Core/Src/moodeng.c:102:6:Moodeng_WriteFlashData	16	static
../Core/Src/moodeng.c:127:5:Moodeng_GenerateRandomNumber	32	static
../Core/Src/moodeng.c:134:5:inRangeInt	24	static
../Core/Src/moodeng.c:141:7:inRangeFloat	24	static
../Core/Src/moodeng.c:148:6:setHappy	16	static
../Core/Src/moodeng.c:158:6:setWeight	16	static
../Core/Src/moodeng.c:164:6:setHunger	16	static
../Core/Src/moodeng.c:174:6:setPoopCount	16	static
../Core/Src/moodeng.c:180:6:setPoopRate	16	static
../Core/Src/moodeng.c:186:6:setIsSick	16	static
../Core/Src/moodeng.c:193:6:setHealRate	16	static
../Core/Src/moodeng.c:199:6:setDiscipline	16	static
../Core/Src/moodeng.c:205:6:setisTired	16	static
../Core/Src/moodeng.c:211:6:setEvolution	16	static
../Core/Src/moodeng.c:217:6:setEmotion	16	static
../Core/Src/moodeng.c:223:6:setIsAlive	16	static
../Core/Src/moodeng.c:230:6:setNextDecayHappy	16	static
../Core/Src/moodeng.c:236:6:setNextDecayHunger	16	static
../Core/Src/moodeng.c:242:6:setNextPoopTime	16	static
../Core/Src/moodeng.c:248:6:setNextSickTime	16	static
../Core/Src/moodeng.c:254:6:setNextHurtTime	16	static
../Core/Src/moodeng.c:260:6:setNextDirtyTime	16	static
../Core/Src/moodeng.c:266:6:setNextSleepyTime	16	static
../Core/Src/moodeng.c:272:6:setSleepingTime	16	static
../Core/Src/moodeng.c:278:6:setIsSleeping	16	static
../Core/Src/moodeng.c:284:7:Moodeng_FeedingChance	16	static
../Core/Src/moodeng.c:289:7:Moodeng_SickChance	16	static
../Core/Src/moodeng.c:294:7:Moodeng_PlayingChance	16	static
../Core/Src/moodeng.c:299:6:checkEvolution	24	static
../Core/Src/moodeng.c:350:6:Moodeng_Update	24	static
../Core/Src/moodeng.c:457:6:Moodeng_Minigame	24	static
../Core/Src/moodeng.c:472:6:Moodeng_Heal	24	static
../Core/Src/moodeng.c:492:6:Moodeng_Check_Feed	24	static
../Core/Src/moodeng.c:516:6:Moodeng_Check_Play	24	static
../Core/Src/moodeng.c:540:6:Moodeng_Handle_Lose	16	static
../Core/Src/moodeng.c:551:6:Moodeng_lose_animation	16	static
