../Core/Src/moodeng.c:6:6:Moodeng_Init	16	static
../Core/Src/moodeng.c:14:6:Moodeng_Reset	16	static
../Core/Src/moodeng.c:37:6:Moodeng_LoadFlashData	16	static
../Core/Src/moodeng.c:59:6:Moodeng_WriteFlashData	16	static
../Core/Src/moodeng.c:81:5:Moodeng_GenerateRandomNumber	32	static
../Core/Src/moodeng.c:87:6:inRangeInt	24	static
../Core/Src/moodeng.c:91:6:inRangeFloat	24	static
../Core/Src/moodeng.c:95:6:setHappy	16	static
../Core/Src/moodeng.c:102:6:setWeight	16	static
../Core/Src/moodeng.c:109:6:setHunger	16	static
../Core/Src/moodeng.c:116:6:setPoopCount	16	static
../Core/Src/moodeng.c:123:6:setPoopRate	16	static
../Core/Src/moodeng.c:130:6:setIsSick	16	static
../Core/Src/moodeng.c:135:6:setHealRate	16	static
../Core/Src/moodeng.c:142:6:setDiscipline	16	static
../Core/Src/moodeng.c:149:6:setIsTried	16	static
../Core/Src/moodeng.c:154:6:setEvolution	16	static
../Core/Src/moodeng.c:161:6:setEmotion	16	static
../Core/Src/moodeng.c:166:7:Moodeng_FeedingChange	16	static
../Core/Src/moodeng.c:170:7:Moodeng_SickChange	16	static
../Core/Src/moodeng.c:174:7:Moodeng_PlayingChange	16	static
